[2025-10-03T12:02:18.443+0200][gc] Using G1
[2025-10-03T12:02:18.453+0200][gc,init] Version: 17.0.16+8-Ubuntu-0ubuntu124.04.1 (release)
[2025-10-03T12:02:18.453+0200][gc,init] CPUs: 12 total, 12 available
[2025-10-03T12:02:18.454+0200][gc,init] Memory: 15666M
[2025-10-03T12:02:18.454+0200][gc,init] Large Page Support: Disabled
[2025-10-03T12:02:18.454+0200][gc,init] NUMA Support: Disabled
[2025-10-03T12:02:18.454+0200][gc,init] Compressed Oops: Enabled (32-bit)
[2025-10-03T12:02:18.454+0200][gc,init] Heap Region Size: 1M
[2025-10-03T12:02:18.454+0200][gc,init] Heap Min Capacity: 1G
[2025-10-03T12:02:18.454+0200][gc,init] Heap Initial Capacity: 1G
[2025-10-03T12:02:18.454+0200][gc,init] Heap Max Capacity: 1G
[2025-10-03T12:02:18.454+0200][gc,init] Pre-touch: Disabled
[2025-10-03T12:02:18.454+0200][gc,init] Parallel Workers: 10
[2025-10-03T12:02:18.454+0200][gc,init] Concurrent Workers: 3
[2025-10-03T12:02:18.454+0200][gc,init] Concurrent Refinement Workers: 10
[2025-10-03T12:02:18.454+0200][gc,init] Periodic GC: Disabled
[2025-10-03T12:02:18.459+0200][gc,metaspace] CDS archive(s) mapped at: [0x000074694b000000-0x000074694bbca000-0x000074694bbca000), size 12361728, SharedBaseAddress: 0x000074694b000000, ArchiveRelocationMode: 1.
[2025-10-03T12:02:18.459+0200][gc,metaspace] Compressed class space mapped at: 0x000074694c000000-0x000074698c000000, reserved size: 1073741824
[2025-10-03T12:02:18.459+0200][gc,metaspace] Narrow klass base: 0x000074694b000000, Narrow klass shift: 0, Narrow klass range: 0x100000000
[2025-10-03T12:02:19.081+0200][gc,start    ] GC(0) Pause Young (Normal) (G1 Evacuation Pause)
[2025-10-03T12:02:19.082+0200][gc,task     ] GC(0) Using 10 workers of 10 for evacuation
[2025-10-03T12:02:19.085+0200][gc,phases   ] GC(0)   Pre Evacuate Collection Set: 0,1ms
[2025-10-03T12:02:19.085+0200][gc,phases   ] GC(0)   Merge Heap Roots: 0,0ms
[2025-10-03T12:02:19.085+0200][gc,phases   ] GC(0)   Evacuate Collection Set: 2,5ms
[2025-10-03T12:02:19.085+0200][gc,phases   ] GC(0)   Post Evacuate Collection Set: 0,4ms
[2025-10-03T12:02:19.085+0200][gc,phases   ] GC(0)   Other: 0,8ms
[2025-10-03T12:02:19.085+0200][gc,heap     ] GC(0) Eden regions: 51->0(44)
[2025-10-03T12:02:19.085+0200][gc,heap     ] GC(0) Survivor regions: 0->7(7)
[2025-10-03T12:02:19.085+0200][gc,heap     ] GC(0) Old regions: 0->2
[2025-10-03T12:02:19.085+0200][gc,heap     ] GC(0) Archive regions: 2->2
[2025-10-03T12:02:19.085+0200][gc,heap     ] GC(0) Humongous regions: 0->0
[2025-10-03T12:02:19.085+0200][gc,metaspace] GC(0) Metaspace: 16591K(16768K)->16591K(16768K) NonClass: 14657K(14720K)->14657K(14720K) Class: 1934K(2048K)->1934K(2048K)
[2025-10-03T12:02:19.085+0200][gc          ] GC(0) Pause Young (Normal) (G1 Evacuation Pause) 51M->8M(1024M) 3,922ms
[2025-10-03T12:02:19.085+0200][gc,cpu      ] GC(0) User=0,02s Sys=0,01s Real=0,00s
[2025-10-03T12:02:19.257+0200][gc,start    ] GC(1) Pause Young (Concurrent Start) (Metadata GC Threshold)
[2025-10-03T12:02:19.257+0200][gc,task     ] GC(1) Using 10 workers of 10 for evacuation
[2025-10-03T12:02:19.260+0200][gc,phases   ] GC(1)   Pre Evacuate Collection Set: 0,2ms
[2025-10-03T12:02:19.260+0200][gc,phases   ] GC(1)   Merge Heap Roots: 0,0ms
[2025-10-03T12:02:19.260+0200][gc,phases   ] GC(1)   Evacuate Collection Set: 1,7ms
[2025-10-03T12:02:19.260+0200][gc,phases   ] GC(1)   Post Evacuate Collection Set: 0,6ms
[2025-10-03T12:02:19.260+0200][gc,phases   ] GC(1)   Other: 0,2ms
[2025-10-03T12:02:19.260+0200][gc,heap     ] GC(1) Eden regions: 15->0(49)
[2025-10-03T12:02:19.260+0200][gc,heap     ] GC(1) Survivor regions: 7->2(7)
[2025-10-03T12:02:19.260+0200][gc,heap     ] GC(1) Old regions: 2->9
[2025-10-03T12:02:19.260+0200][gc,heap     ] GC(1) Archive regions: 2->2
[2025-10-03T12:02:19.260+0200][gc,heap     ] GC(1) Humongous regions: 0->0
[2025-10-03T12:02:19.260+0200][gc,metaspace] GC(1) Metaspace: 21201K(21504K)->21201K(21504K) NonClass: 18566K(18688K)->18566K(18688K) Class: 2635K(2816K)->2635K(2816K)
[2025-10-03T12:02:19.260+0200][gc          ] GC(1) Pause Young (Concurrent Start) (Metadata GC Threshold) 23M->10M(1024M) 2,758ms
[2025-10-03T12:02:19.260+0200][gc,cpu      ] GC(1) User=0,01s Sys=0,00s Real=0,01s
[2025-10-03T12:02:19.260+0200][gc          ] GC(2) Concurrent Mark Cycle
[2025-10-03T12:02:19.260+0200][gc,marking  ] GC(2) Concurrent Clear Claimed Marks
[2025-10-03T12:02:19.260+0200][gc,marking  ] GC(2) Concurrent Clear Claimed Marks 0,012ms
[2025-10-03T12:02:19.260+0200][gc,marking  ] GC(2) Concurrent Scan Root Regions
[2025-10-03T12:02:19.262+0200][gc,marking  ] GC(2) Concurrent Scan Root Regions 1,480ms
[2025-10-03T12:02:19.262+0200][gc,marking  ] GC(2) Concurrent Mark
[2025-10-03T12:02:19.262+0200][gc,marking  ] GC(2) Concurrent Mark From Roots
[2025-10-03T12:02:19.262+0200][gc,task     ] GC(2) Using 3 workers of 3 for marking
[2025-10-03T12:02:19.263+0200][gc,marking  ] GC(2) Concurrent Mark From Roots 1,225ms
[2025-10-03T12:02:19.263+0200][gc,marking  ] GC(2) Concurrent Preclean
[2025-10-03T12:02:19.263+0200][gc,marking  ] GC(2) Concurrent Preclean 0,038ms
[2025-10-03T12:02:19.263+0200][gc,start    ] GC(2) Pause Remark
[2025-10-03T12:02:19.264+0200][gc          ] GC(2) Pause Remark 10M->10M(1024M) 1,082ms
[2025-10-03T12:02:19.264+0200][gc,cpu      ] GC(2) User=0,01s Sys=0,00s Real=0,00s
[2025-10-03T12:02:19.264+0200][gc,marking  ] GC(2) Concurrent Mark 2,528ms
[2025-10-03T12:02:19.264+0200][gc,marking  ] GC(2) Concurrent Rebuild Remembered Sets
[2025-10-03T12:02:19.265+0200][gc,marking  ] GC(2) Concurrent Rebuild Remembered Sets 1,219ms
[2025-10-03T12:02:19.265+0200][gc,start    ] GC(2) Pause Cleanup
[2025-10-03T12:02:19.266+0200][gc          ] GC(2) Pause Cleanup 10M->10M(1024M) 0,122ms
[2025-10-03T12:02:19.266+0200][gc,cpu      ] GC(2) User=0,00s Sys=0,00s Real=0,00s
[2025-10-03T12:02:19.266+0200][gc,marking  ] GC(2) Concurrent Cleanup for Next Mark
[2025-10-03T12:02:19.268+0200][gc,marking  ] GC(2) Concurrent Cleanup for Next Mark 2,383ms
[2025-10-03T12:02:19.268+0200][gc          ] GC(2) Concurrent Mark Cycle 7,885ms
[2025-10-03T12:02:19.750+0200][gc,start    ] GC(3) Pause Young (Normal) (G1 Evacuation Pause)
[2025-10-03T12:02:19.750+0200][gc,task     ] GC(3) Using 10 workers of 10 for evacuation
[2025-10-03T12:02:19.753+0200][gc,phases   ] GC(3)   Pre Evacuate Collection Set: 0,1ms
[2025-10-03T12:02:19.753+0200][gc,phases   ] GC(3)   Merge Heap Roots: 0,2ms
[2025-10-03T12:02:19.753+0200][gc,phases   ] GC(3)   Evacuate Collection Set: 2,3ms
[2025-10-03T12:02:19.753+0200][gc,phases   ] GC(3)   Post Evacuate Collection Set: 0,7ms
[2025-10-03T12:02:19.753+0200][gc,phases   ] GC(3)   Other: 0,1ms
[2025-10-03T12:02:19.753+0200][gc,heap     ] GC(3) Eden regions: 49->0(45)
[2025-10-03T12:02:19.753+0200][gc,heap     ] GC(3) Survivor regions: 2->6(7)
[2025-10-03T12:02:19.753+0200][gc,heap     ] GC(3) Old regions: 9->9
[2025-10-03T12:02:19.753+0200][gc,heap     ] GC(3) Archive regions: 2->2
[2025-10-03T12:02:19.753+0200][gc,heap     ] GC(3) Humongous regions: 0->0
[2025-10-03T12:02:19.753+0200][gc,metaspace] GC(3) Metaspace: 33575K(33984K)->33575K(33984K) NonClass: 29689K(29888K)->29689K(29888K) Class: 3885K(4096K)->3885K(4096K)
[2025-10-03T12:02:19.753+0200][gc          ] GC(3) Pause Young (Normal) (G1 Evacuation Pause) 59M->14M(1024M) 3,408ms
[2025-10-03T12:02:19.753+0200][gc,cpu      ] GC(3) User=0,02s Sys=0,00s Real=0,00s
[2025-10-03T12:02:19.840+0200][gc,start    ] GC(4) Pause Young (Concurrent Start) (Metadata GC Threshold)
[2025-10-03T12:02:19.840+0200][gc,task     ] GC(4) Using 10 workers of 10 for evacuation
[2025-10-03T12:02:19.843+0200][gc,phases   ] GC(4)   Pre Evacuate Collection Set: 0,2ms
[2025-10-03T12:02:19.843+0200][gc,phases   ] GC(4)   Merge Heap Roots: 0,0ms
[2025-10-03T12:02:19.843+0200][gc,phases   ] GC(4)   Evacuate Collection Set: 2,3ms
[2025-10-03T12:02:19.843+0200][gc,phases   ] GC(4)   Post Evacuate Collection Set: 0,3ms
[2025-10-03T12:02:19.843+0200][gc,phases   ] GC(4)   Other: 0,1ms
[2025-10-03T12:02:19.843+0200][gc,heap     ] GC(4) Eden regions: 12->0(49)
[2025-10-03T12:02:19.843+0200][gc,heap     ] GC(4) Survivor regions: 6->2(7)
[2025-10-03T12:02:19.843+0200][gc,heap     ] GC(4) Old regions: 9->14
[2025-10-03T12:02:19.843+0200][gc,heap     ] GC(4) Archive regions: 2->2
[2025-10-03T12:02:19.843+0200][gc,heap     ] GC(4) Humongous regions: 9->9
[2025-10-03T12:02:19.843+0200][gc,metaspace] GC(4) Metaspace: 35674K(36096K)->35674K(36096K) NonClass: 31537K(31744K)->31537K(31744K) Class: 4137K(4352K)->4137K(4352K)
[2025-10-03T12:02:19.843+0200][gc          ] GC(4) Pause Young (Concurrent Start) (Metadata GC Threshold) 34M->24M(1024M) 3,071ms
[2025-10-03T12:02:19.843+0200][gc,cpu      ] GC(4) User=0,03s Sys=0,00s Real=0,00s
[2025-10-03T12:02:19.843+0200][gc          ] GC(5) Concurrent Mark Cycle
[2025-10-03T12:02:19.843+0200][gc,marking  ] GC(5) Concurrent Clear Claimed Marks
[2025-10-03T12:02:19.843+0200][gc,marking  ] GC(5) Concurrent Clear Claimed Marks 0,045ms
[2025-10-03T12:02:19.843+0200][gc,marking  ] GC(5) Concurrent Scan Root Regions
[2025-10-03T12:02:19.844+0200][gc,marking  ] GC(5) Concurrent Scan Root Regions 1,505ms
[2025-10-03T12:02:19.844+0200][gc,marking  ] GC(5) Concurrent Mark
[2025-10-03T12:02:19.844+0200][gc,marking  ] GC(5) Concurrent Mark From Roots
[2025-10-03T12:02:19.844+0200][gc,task     ] GC(5) Using 3 workers of 3 for marking
[2025-10-03T12:02:19.848+0200][gc,marking  ] GC(5) Concurrent Mark From Roots 3,622ms
[2025-10-03T12:02:19.848+0200][gc,marking  ] GC(5) Concurrent Preclean
[2025-10-03T12:02:19.848+0200][gc,marking  ] GC(5) Concurrent Preclean 0,110ms
[2025-10-03T12:02:19.848+0200][gc,start    ] GC(5) Pause Remark
[2025-10-03T12:02:19.850+0200][gc          ] GC(5) Pause Remark 26M->26M(1024M) 1,223ms
[2025-10-03T12:02:19.850+0200][gc,cpu      ] GC(5) User=0,00s Sys=0,00s Real=0,01s
[2025-10-03T12:02:19.850+0200][gc,marking  ] GC(5) Concurrent Mark 5,288ms
[2025-10-03T12:02:19.850+0200][gc,marking  ] GC(5) Concurrent Rebuild Remembered Sets
[2025-10-03T12:02:19.853+0200][gc,marking  ] GC(5) Concurrent Rebuild Remembered Sets 2,843ms
[2025-10-03T12:02:19.853+0200][gc,start    ] GC(5) Pause Cleanup
[2025-10-03T12:02:19.853+0200][gc          ] GC(5) Pause Cleanup 26M->26M(1024M) 0,135ms
[2025-10-03T12:02:19.853+0200][gc,cpu      ] GC(5) User=0,00s Sys=0,00s Real=0,00s
[2025-10-03T12:02:19.853+0200][gc,marking  ] GC(5) Concurrent Cleanup for Next Mark
[2025-10-03T12:02:19.856+0200][gc,marking  ] GC(5) Concurrent Cleanup for Next Mark 2,792ms
[2025-10-03T12:02:19.856+0200][gc          ] GC(5) Concurrent Mark Cycle 13,202ms
[2025-10-03T12:02:20.144+0200][gc,start    ] GC(6) Pause Young (Normal) (G1 Evacuation Pause)
[2025-10-03T12:02:20.144+0200][gc,task     ] GC(6) Using 10 workers of 10 for evacuation
[2025-10-03T12:02:20.147+0200][gc,phases   ] GC(6)   Pre Evacuate Collection Set: 0,1ms
[2025-10-03T12:02:20.147+0200][gc,phases   ] GC(6)   Merge Heap Roots: 0,0ms
[2025-10-03T12:02:20.147+0200][gc,phases   ] GC(6)   Evacuate Collection Set: 2,2ms
[2025-10-03T12:02:20.147+0200][gc,phases   ] GC(6)   Post Evacuate Collection Set: 0,3ms
[2025-10-03T12:02:20.147+0200][gc,phases   ] GC(6)   Other: 0,1ms
[2025-10-03T12:02:20.147+0200][gc,heap     ] GC(6) Eden regions: 49->0(44)
[2025-10-03T12:02:20.147+0200][gc,heap     ] GC(6) Survivor regions: 2->7(7)
[2025-10-03T12:02:20.147+0200][gc,heap     ] GC(6) Old regions: 14->15
[2025-10-03T12:02:20.147+0200][gc,heap     ] GC(6) Archive regions: 2->2
[2025-10-03T12:02:20.147+0200][gc,heap     ] GC(6) Humongous regions: 9->9
[2025-10-03T12:02:20.147+0200][gc,metaspace] GC(6) Metaspace: 43337K(44096K)->43337K(44096K) NonClass: 38218K(38592K)->38218K(38592K) Class: 5118K(5504K)->5118K(5504K)
[2025-10-03T12:02:20.147+0200][gc          ] GC(6) Pause Young (Normal) (G1 Evacuation Pause) 73M->31M(1024M) 2,817ms
[2025-10-03T12:02:20.147+0200][gc,cpu      ] GC(6) User=0,02s Sys=0,01s Real=0,00s
[2025-10-03T12:02:21.332+0200][gc,start    ] GC(7) Pause Young (Normal) (G1 Evacuation Pause)
[2025-10-03T12:02:21.332+0200][gc,task     ] GC(7) Using 10 workers of 10 for evacuation
[2025-10-03T12:02:21.338+0200][gc,phases   ] GC(7)   Pre Evacuate Collection Set: 0,2ms
[2025-10-03T12:02:21.338+0200][gc,phases   ] GC(7)   Merge Heap Roots: 0,1ms
[2025-10-03T12:02:21.338+0200][gc,phases   ] GC(7)   Evacuate Collection Set: 4,2ms
[2025-10-03T12:02:21.338+0200][gc,phases   ] GC(7)   Post Evacuate Collection Set: 1,1ms
[2025-10-03T12:02:21.338+0200][gc,phases   ] GC(7)   Other: 0,2ms
[2025-10-03T12:02:21.338+0200][gc,heap     ] GC(7) Eden regions: 44->0(48)
[2025-10-03T12:02:21.338+0200][gc,heap     ] GC(7) Survivor regions: 7->3(7)
[2025-10-03T12:02:21.338+0200][gc,heap     ] GC(7) Old regions: 15->19
[2025-10-03T12:02:21.338+0200][gc,heap     ] GC(7) Archive regions: 2->2
[2025-10-03T12:02:21.338+0200][gc,heap     ] GC(7) Humongous regions: 138->0
[2025-10-03T12:02:21.338+0200][gc,metaspace] GC(7) Metaspace: 46891K(47872K)->46891K(47872K) NonClass: 41218K(41728K)->41218K(41728K) Class: 5673K(6144K)->5673K(6144K)
[2025-10-03T12:02:21.338+0200][gc          ] GC(7) Pause Young (Normal) (G1 Evacuation Pause) 204M->22M(1024M) 5,938ms
[2025-10-03T12:02:21.338+0200][gc,cpu      ] GC(7) User=0,04s Sys=0,00s Real=0,00s
[2025-10-03T12:02:21.349+0200][gc,heap,exit] Heap
[2025-10-03T12:02:21.349+0200][gc,heap,exit]  garbage-first heap   total 1048576K, used 25790K [0x00000000c0000000, 0x0000000100000000)
[2025-10-03T12:02:21.349+0200][gc,heap,exit]   region size 1024K, 7 young (7168K), 3 survivors (3072K)
[2025-10-03T12:02:21.349+0200][gc,heap,exit]  Metaspace       used 46938K, committed 47872K, reserved 1114112K
[2025-10-03T12:02:21.349+0200][gc,heap,exit]   class space    used 5685K, committed 6144K, reserved 1048576K
