[2025-09-26T11:52:41.865+0200][gc] Using G1
[2025-09-26T11:52:41.872+0200][gc,init] Version: 17.0.16+8-Ubuntu-0ubuntu124.04.1 (release)
[2025-09-26T11:52:41.872+0200][gc,init] CPUs: 12 total, 12 available
[2025-09-26T11:52:41.872+0200][gc,init] Memory: 15666M
[2025-09-26T11:52:41.872+0200][gc,init] Large Page Support: Disabled
[2025-09-26T11:52:41.872+0200][gc,init] NUMA Support: Disabled
[2025-09-26T11:52:41.872+0200][gc,init] Compressed Oops: Enabled (32-bit)
[2025-09-26T11:52:41.872+0200][gc,init] Heap Region Size: 1M
[2025-09-26T11:52:41.872+0200][gc,init] Heap Min Capacity: 1G
[2025-09-26T11:52:41.872+0200][gc,init] Heap Initial Capacity: 1G
[2025-09-26T11:52:41.872+0200][gc,init] Heap Max Capacity: 1G
[2025-09-26T11:52:41.872+0200][gc,init] Pre-touch: Disabled
[2025-09-26T11:52:41.872+0200][gc,init] Parallel Workers: 10
[2025-09-26T11:52:41.872+0200][gc,init] Concurrent Workers: 3
[2025-09-26T11:52:41.872+0200][gc,init] Concurrent Refinement Workers: 10
[2025-09-26T11:52:41.872+0200][gc,init] Periodic GC: Disabled
[2025-09-26T11:52:41.877+0200][gc,metaspace] CDS archive(s) mapped at: [0x000071873b000000-0x000071873bbca000-0x000071873bbca000), size 12361728, SharedBaseAddress: 0x000071873b000000, ArchiveRelocationMode: 1.
[2025-09-26T11:52:41.877+0200][gc,metaspace] Compressed class space mapped at: 0x000071873c000000-0x000071877c000000, reserved size: 1073741824
[2025-09-26T11:52:41.877+0200][gc,metaspace] Narrow klass base: 0x000071873b000000, Narrow klass shift: 0, Narrow klass range: 0x100000000
[2025-09-26T11:52:42.330+0200][gc,start    ] GC(0) Pause Young (Normal) (G1 Evacuation Pause)
[2025-09-26T11:52:42.331+0200][gc,task     ] GC(0) Using 10 workers of 10 for evacuation
[2025-09-26T11:52:42.334+0200][gc,phases   ] GC(0)   Pre Evacuate Collection Set: 0,1ms
[2025-09-26T11:52:42.334+0200][gc,phases   ] GC(0)   Merge Heap Roots: 0,0ms
[2025-09-26T11:52:42.334+0200][gc,phases   ] GC(0)   Evacuate Collection Set: 2,3ms
[2025-09-26T11:52:42.334+0200][gc,phases   ] GC(0)   Post Evacuate Collection Set: 0,3ms
[2025-09-26T11:52:42.334+0200][gc,phases   ] GC(0)   Other: 1,0ms
[2025-09-26T11:52:42.334+0200][gc,heap     ] GC(0) Eden regions: 51->0(44)
[2025-09-26T11:52:42.334+0200][gc,heap     ] GC(0) Survivor regions: 0->7(7)
[2025-09-26T11:52:42.334+0200][gc,heap     ] GC(0) Old regions: 0->2
[2025-09-26T11:52:42.334+0200][gc,heap     ] GC(0) Archive regions: 2->2
[2025-09-26T11:52:42.334+0200][gc,heap     ] GC(0) Humongous regions: 0->0
[2025-09-26T11:52:42.334+0200][gc,metaspace] GC(0) Metaspace: 16306K(16512K)->16306K(16512K) NonClass: 14389K(14528K)->14389K(14528K) Class: 1917K(1984K)->1917K(1984K)
[2025-09-26T11:52:42.334+0200][gc          ] GC(0) Pause Young (Normal) (G1 Evacuation Pause) 51M->9M(1024M) 3,706ms
[2025-09-26T11:52:42.334+0200][gc,cpu      ] GC(0) User=0,02s Sys=0,01s Real=0,01s
[2025-09-26T11:52:42.456+0200][gc,start    ] GC(1) Pause Young (Concurrent Start) (Metadata GC Threshold)
[2025-09-26T11:52:42.456+0200][gc,task     ] GC(1) Using 10 workers of 10 for evacuation
[2025-09-26T11:52:42.459+0200][gc,phases   ] GC(1)   Pre Evacuate Collection Set: 0,1ms
[2025-09-26T11:52:42.459+0200][gc,phases   ] GC(1)   Merge Heap Roots: 0,2ms
[2025-09-26T11:52:42.459+0200][gc,phases   ] GC(1)   Evacuate Collection Set: 1,7ms
[2025-09-26T11:52:42.459+0200][gc,phases   ] GC(1)   Post Evacuate Collection Set: 0,5ms
[2025-09-26T11:52:42.459+0200][gc,phases   ] GC(1)   Other: 0,2ms
[2025-09-26T11:52:42.459+0200][gc,heap     ] GC(1) Eden regions: 16->0(49)
[2025-09-26T11:52:42.459+0200][gc,heap     ] GC(1) Survivor regions: 7->2(7)
[2025-09-26T11:52:42.459+0200][gc,heap     ] GC(1) Old regions: 2->9
[2025-09-26T11:52:42.459+0200][gc,heap     ] GC(1) Archive regions: 2->2
[2025-09-26T11:52:42.459+0200][gc,heap     ] GC(1) Humongous regions: 0->0
[2025-09-26T11:52:42.459+0200][gc,metaspace] GC(1) Metaspace: 21206K(21504K)->21206K(21504K) NonClass: 18565K(18688K)->18565K(18688K) Class: 2640K(2816K)->2640K(2816K)
[2025-09-26T11:52:42.459+0200][gc          ] GC(1) Pause Young (Concurrent Start) (Metadata GC Threshold) 24M->10M(1024M) 2,788ms
[2025-09-26T11:52:42.459+0200][gc,cpu      ] GC(1) User=0,02s Sys=0,01s Real=0,00s
[2025-09-26T11:52:42.459+0200][gc          ] GC(2) Concurrent Mark Cycle
[2025-09-26T11:52:42.459+0200][gc,marking  ] GC(2) Concurrent Clear Claimed Marks
[2025-09-26T11:52:42.459+0200][gc,marking  ] GC(2) Concurrent Clear Claimed Marks 0,016ms
[2025-09-26T11:52:42.459+0200][gc,marking  ] GC(2) Concurrent Scan Root Regions
[2025-09-26T11:52:42.461+0200][gc,marking  ] GC(2) Concurrent Scan Root Regions 1,404ms
[2025-09-26T11:52:42.461+0200][gc,marking  ] GC(2) Concurrent Mark
[2025-09-26T11:52:42.461+0200][gc,marking  ] GC(2) Concurrent Mark From Roots
[2025-09-26T11:52:42.461+0200][gc,task     ] GC(2) Using 3 workers of 3 for marking
[2025-09-26T11:52:42.462+0200][gc,marking  ] GC(2) Concurrent Mark From Roots 1,089ms
[2025-09-26T11:52:42.462+0200][gc,marking  ] GC(2) Concurrent Preclean
[2025-09-26T11:52:42.462+0200][gc,marking  ] GC(2) Concurrent Preclean 0,078ms
[2025-09-26T11:52:42.462+0200][gc,start    ] GC(2) Pause Remark
[2025-09-26T11:52:42.463+0200][gc          ] GC(2) Pause Remark 10M->10M(1024M) 1,189ms
[2025-09-26T11:52:42.463+0200][gc,cpu      ] GC(2) User=0,01s Sys=0,00s Real=0,00s
[2025-09-26T11:52:42.463+0200][gc,marking  ] GC(2) Concurrent Mark 2,517ms
[2025-09-26T11:52:42.463+0200][gc,marking  ] GC(2) Concurrent Rebuild Remembered Sets
[2025-09-26T11:52:42.464+0200][gc,marking  ] GC(2) Concurrent Rebuild Remembered Sets 1,381ms
[2025-09-26T11:52:42.465+0200][gc,start    ] GC(2) Pause Cleanup
[2025-09-26T11:52:42.465+0200][gc          ] GC(2) Pause Cleanup 10M->10M(1024M) 0,135ms
[2025-09-26T11:52:42.465+0200][gc,cpu      ] GC(2) User=0,00s Sys=0,00s Real=0,00s
[2025-09-26T11:52:42.465+0200][gc,marking  ] GC(2) Concurrent Cleanup for Next Mark
[2025-09-26T11:52:42.467+0200][gc,marking  ] GC(2) Concurrent Cleanup for Next Mark 2,441ms
[2025-09-26T11:52:42.467+0200][gc          ] GC(2) Concurrent Mark Cycle 8,100ms
[2025-09-26T11:52:42.838+0200][gc,start    ] GC(3) Pause Young (Normal) (G1 Evacuation Pause)
[2025-09-26T11:52:42.838+0200][gc,task     ] GC(3) Using 10 workers of 10 for evacuation
[2025-09-26T11:52:42.840+0200][gc,phases   ] GC(3)   Pre Evacuate Collection Set: 0,1ms
[2025-09-26T11:52:42.840+0200][gc,phases   ] GC(3)   Merge Heap Roots: 0,1ms
[2025-09-26T11:52:42.840+0200][gc,phases   ] GC(3)   Evacuate Collection Set: 1,6ms
[2025-09-26T11:52:42.840+0200][gc,phases   ] GC(3)   Post Evacuate Collection Set: 0,3ms
[2025-09-26T11:52:42.840+0200][gc,phases   ] GC(3)   Other: 0,1ms
[2025-09-26T11:52:42.840+0200][gc,heap     ] GC(3) Eden regions: 49->0(45)
[2025-09-26T11:52:42.840+0200][gc,heap     ] GC(3) Survivor regions: 2->6(7)
[2025-09-26T11:52:42.840+0200][gc,heap     ] GC(3) Old regions: 9->9
[2025-09-26T11:52:42.840+0200][gc,heap     ] GC(3) Archive regions: 2->2
[2025-09-26T11:52:42.840+0200][gc,heap     ] GC(3) Humongous regions: 9->9
[2025-09-26T11:52:42.840+0200][gc,metaspace] GC(3) Metaspace: 33428K(33792K)->33428K(33792K) NonClass: 29519K(29696K)->29519K(29696K) Class: 3908K(4096K)->3908K(4096K)
[2025-09-26T11:52:42.840+0200][gc          ] GC(3) Pause Young (Normal) (G1 Evacuation Pause) 68M->23M(1024M) 2,332ms
[2025-09-26T11:52:42.840+0200][gc,cpu      ] GC(3) User=0,02s Sys=0,00s Real=0,00s
[2025-09-26T11:52:42.900+0200][gc,start    ] GC(4) Pause Young (Concurrent Start) (Metadata GC Threshold)
[2025-09-26T11:52:42.900+0200][gc,task     ] GC(4) Using 10 workers of 10 for evacuation
[2025-09-26T11:52:42.903+0200][gc,phases   ] GC(4)   Pre Evacuate Collection Set: 0,2ms
[2025-09-26T11:52:42.903+0200][gc,phases   ] GC(4)   Merge Heap Roots: 0,0ms
[2025-09-26T11:52:42.903+0200][gc,phases   ] GC(4)   Evacuate Collection Set: 2,8ms
[2025-09-26T11:52:42.903+0200][gc,phases   ] GC(4)   Post Evacuate Collection Set: 0,5ms
[2025-09-26T11:52:42.903+0200][gc,phases   ] GC(4)   Other: 0,1ms
[2025-09-26T11:52:42.903+0200][gc,heap     ] GC(4) Eden regions: 13->0(49)
[2025-09-26T11:52:42.903+0200][gc,heap     ] GC(4) Survivor regions: 6->2(7)
[2025-09-26T11:52:42.903+0200][gc,heap     ] GC(4) Old regions: 9->14
[2025-09-26T11:52:42.903+0200][gc,heap     ] GC(4) Archive regions: 2->2
[2025-09-26T11:52:42.903+0200][gc,heap     ] GC(4) Humongous regions: 9->9
[2025-09-26T11:52:42.903+0200][gc,metaspace] GC(4) Metaspace: 35705K(36096K)->35705K(36096K) NonClass: 31516K(31744K)->31516K(31744K) Class: 4188K(4352K)->4188K(4352K)
[2025-09-26T11:52:42.903+0200][gc          ] GC(4) Pause Young (Concurrent Start) (Metadata GC Threshold) 36M->24M(1024M) 3,789ms
[2025-09-26T11:52:42.903+0200][gc,cpu      ] GC(4) User=0,03s Sys=0,01s Real=0,01s
[2025-09-26T11:52:42.904+0200][gc          ] GC(5) Concurrent Mark Cycle
[2025-09-26T11:52:42.904+0200][gc,marking  ] GC(5) Concurrent Clear Claimed Marks
[2025-09-26T11:52:42.904+0200][gc,marking  ] GC(5) Concurrent Clear Claimed Marks 0,039ms
[2025-09-26T11:52:42.904+0200][gc,marking  ] GC(5) Concurrent Scan Root Regions
[2025-09-26T11:52:42.905+0200][gc,marking  ] GC(5) Concurrent Scan Root Regions 1,579ms
[2025-09-26T11:52:42.905+0200][gc,marking  ] GC(5) Concurrent Mark
[2025-09-26T11:52:42.905+0200][gc,marking  ] GC(5) Concurrent Mark From Roots
[2025-09-26T11:52:42.905+0200][gc,task     ] GC(5) Using 3 workers of 3 for marking
[2025-09-26T11:52:42.908+0200][gc,marking  ] GC(5) Concurrent Mark From Roots 3,094ms
[2025-09-26T11:52:42.908+0200][gc,marking  ] GC(5) Concurrent Preclean
[2025-09-26T11:52:42.908+0200][gc,marking  ] GC(5) Concurrent Preclean 0,114ms
[2025-09-26T11:52:42.908+0200][gc,start    ] GC(5) Pause Remark
[2025-09-26T11:52:42.909+0200][gc          ] GC(5) Pause Remark 25M->25M(1024M) 0,818ms
[2025-09-26T11:52:42.909+0200][gc,cpu      ] GC(5) User=0,01s Sys=0,00s Real=0,00s
[2025-09-26T11:52:42.909+0200][gc,marking  ] GC(5) Concurrent Mark 4,178ms
[2025-09-26T11:52:42.909+0200][gc,marking  ] GC(5) Concurrent Rebuild Remembered Sets
[2025-09-26T11:52:42.912+0200][gc,marking  ] GC(5) Concurrent Rebuild Remembered Sets 2,703ms
[2025-09-26T11:52:42.912+0200][gc,start    ] GC(5) Pause Cleanup
[2025-09-26T11:52:42.912+0200][gc          ] GC(5) Pause Cleanup 25M->25M(1024M) 0,100ms
[2025-09-26T11:52:42.912+0200][gc,cpu      ] GC(5) User=0,01s Sys=0,00s Real=0,00s
[2025-09-26T11:52:42.912+0200][gc,marking  ] GC(5) Concurrent Cleanup for Next Mark
[2025-09-26T11:52:42.915+0200][gc,marking  ] GC(5) Concurrent Cleanup for Next Mark 2,634ms
[2025-09-26T11:52:42.915+0200][gc          ] GC(5) Concurrent Mark Cycle 11,508ms
[2025-09-26T11:53:13.077+0200][gc,start    ] GC(6) Pause Young (Normal) (G1 Evacuation Pause)
[2025-09-26T11:53:13.077+0200][gc,task     ] GC(6) Using 10 workers of 10 for evacuation
[2025-09-26T11:53:13.083+0200][gc,phases   ] GC(6)   Pre Evacuate Collection Set: 0,3ms
[2025-09-26T11:53:13.083+0200][gc,phases   ] GC(6)   Merge Heap Roots: 0,1ms
[2025-09-26T11:53:13.083+0200][gc,phases   ] GC(6)   Evacuate Collection Set: 4,0ms
[2025-09-26T11:53:13.083+0200][gc,phases   ] GC(6)   Post Evacuate Collection Set: 1,4ms
[2025-09-26T11:53:13.083+0200][gc,phases   ] GC(6)   Other: 0,2ms
[2025-09-26T11:53:13.083+0200][gc,heap     ] GC(6) Eden regions: 49->0(44)
[2025-09-26T11:53:13.083+0200][gc,heap     ] GC(6) Survivor regions: 2->7(7)
[2025-09-26T11:53:13.083+0200][gc,heap     ] GC(6) Old regions: 14->15
[2025-09-26T11:53:13.083+0200][gc,heap     ] GC(6) Archive regions: 2->2
[2025-09-26T11:53:13.083+0200][gc,heap     ] GC(6) Humongous regions: 138->138
[2025-09-26T11:53:13.083+0200][gc,metaspace] GC(6) Metaspace: 42997K(43712K)->42997K(43712K) NonClass: 37919K(38272K)->37919K(38272K) Class: 5077K(5440K)->5077K(5440K)
[2025-09-26T11:53:13.083+0200][gc          ] GC(6) Pause Young (Normal) (G1 Evacuation Pause) 202M->160M(1024M) 6,133ms
[2025-09-26T11:53:13.083+0200][gc,cpu      ] GC(6) User=0,04s Sys=0,01s Real=0,00s
[2025-09-26T11:54:16.301+0200][gc,heap,exit] Heap
[2025-09-26T11:54:16.301+0200][gc,heap,exit]  garbage-first heap   total 1048576K, used 185430K [0x00000000c0000000, 0x0000000100000000)
[2025-09-26T11:54:16.301+0200][gc,heap,exit]   region size 1024K, 28 young (28672K), 7 survivors (7168K)
[2025-09-26T11:54:16.301+0200][gc,heap,exit]  Metaspace       used 44539K, committed 45248K, reserved 1114112K
[2025-09-26T11:54:16.301+0200][gc,heap,exit]   class space    used 5299K, committed 5632K, reserved 1048576K
