[2025-10-03T12:04:54.083+0200][gc] Using G1
[2025-10-03T12:04:54.092+0200][gc,init] Version: 17.0.16+8-Ubuntu-0ubuntu124.04.1 (release)
[2025-10-03T12:04:54.092+0200][gc,init] CPUs: 12 total, 12 available
[2025-10-03T12:04:54.092+0200][gc,init] Memory: 15666M
[2025-10-03T12:04:54.092+0200][gc,init] Large Page Support: Disabled
[2025-10-03T12:04:54.092+0200][gc,init] NUMA Support: Disabled
[2025-10-03T12:04:54.092+0200][gc,init] Compressed Oops: Enabled (32-bit)
[2025-10-03T12:04:54.092+0200][gc,init] Heap Region Size: 1M
[2025-10-03T12:04:54.092+0200][gc,init] Heap Min Capacity: 1G
[2025-10-03T12:04:54.092+0200][gc,init] Heap Initial Capacity: 1G
[2025-10-03T12:04:54.092+0200][gc,init] Heap Max Capacity: 1G
[2025-10-03T12:04:54.092+0200][gc,init] Pre-touch: Disabled
[2025-10-03T12:04:54.092+0200][gc,init] Parallel Workers: 10
[2025-10-03T12:04:54.092+0200][gc,init] Concurrent Workers: 3
[2025-10-03T12:04:54.092+0200][gc,init] Concurrent Refinement Workers: 10
[2025-10-03T12:04:54.092+0200][gc,init] Periodic GC: Disabled
[2025-10-03T12:04:54.096+0200][gc,metaspace] CDS archive(s) mapped at: [0x0000730d8b000000-0x0000730d8bbca000-0x0000730d8bbca000), size 12361728, SharedBaseAddress: 0x0000730d8b000000, ArchiveRelocationMode: 1.
[2025-10-03T12:04:54.096+0200][gc,metaspace] Compressed class space mapped at: 0x0000730d8c000000-0x0000730dcc000000, reserved size: 1073741824
[2025-10-03T12:04:54.096+0200][gc,metaspace] Narrow klass base: 0x0000730d8b000000, Narrow klass shift: 0, Narrow klass range: 0x100000000
[2025-10-03T12:04:54.530+0200][gc,start    ] GC(0) Pause Young (Normal) (G1 Evacuation Pause)
[2025-10-03T12:04:54.531+0200][gc,task     ] GC(0) Using 10 workers of 10 for evacuation
[2025-10-03T12:04:54.533+0200][gc,phases   ] GC(0)   Pre Evacuate Collection Set: 0,1ms
[2025-10-03T12:04:54.533+0200][gc,phases   ] GC(0)   Merge Heap Roots: 0,0ms
[2025-10-03T12:04:54.533+0200][gc,phases   ] GC(0)   Evacuate Collection Set: 2,2ms
[2025-10-03T12:04:54.533+0200][gc,phases   ] GC(0)   Post Evacuate Collection Set: 0,3ms
[2025-10-03T12:04:54.533+0200][gc,phases   ] GC(0)   Other: 0,8ms
[2025-10-03T12:04:54.533+0200][gc,heap     ] GC(0) Eden regions: 51->0(44)
[2025-10-03T12:04:54.533+0200][gc,heap     ] GC(0) Survivor regions: 0->7(7)
[2025-10-03T12:04:54.533+0200][gc,heap     ] GC(0) Old regions: 0->2
[2025-10-03T12:04:54.533+0200][gc,heap     ] GC(0) Archive regions: 2->2
[2025-10-03T12:04:54.533+0200][gc,heap     ] GC(0) Humongous regions: 0->0
[2025-10-03T12:04:54.533+0200][gc,metaspace] GC(0) Metaspace: 16015K(16192K)->16015K(16192K) NonClass: 14143K(14208K)->14143K(14208K) Class: 1872K(1984K)->1872K(1984K)
[2025-10-03T12:04:54.533+0200][gc          ] GC(0) Pause Young (Normal) (G1 Evacuation Pause) 51M->9M(1024M) 3,569ms
[2025-10-03T12:04:54.533+0200][gc,cpu      ] GC(0) User=0,02s Sys=0,01s Real=0,00s
[2025-10-03T12:04:54.663+0200][gc,start    ] GC(1) Pause Young (Concurrent Start) (Metadata GC Threshold)
[2025-10-03T12:04:54.664+0200][gc,task     ] GC(1) Using 10 workers of 10 for evacuation
[2025-10-03T12:04:54.666+0200][gc,phases   ] GC(1)   Pre Evacuate Collection Set: 0,2ms
[2025-10-03T12:04:54.666+0200][gc,phases   ] GC(1)   Merge Heap Roots: 0,1ms
[2025-10-03T12:04:54.666+0200][gc,phases   ] GC(1)   Evacuate Collection Set: 1,7ms
[2025-10-03T12:04:54.666+0200][gc,phases   ] GC(1)   Post Evacuate Collection Set: 0,2ms
[2025-10-03T12:04:54.666+0200][gc,phases   ] GC(1)   Other: 0,2ms
[2025-10-03T12:04:54.666+0200][gc,heap     ] GC(1) Eden regions: 17->0(49)
[2025-10-03T12:04:54.666+0200][gc,heap     ] GC(1) Survivor regions: 7->2(7)
[2025-10-03T12:04:54.666+0200][gc,heap     ] GC(1) Old regions: 2->9
[2025-10-03T12:04:54.666+0200][gc,heap     ] GC(1) Archive regions: 2->2
[2025-10-03T12:04:54.666+0200][gc,heap     ] GC(1) Humongous regions: 0->0
[2025-10-03T12:04:54.666+0200][gc,metaspace] GC(1) Metaspace: 21259K(21504K)->21259K(21504K) NonClass: 18611K(18688K)->18611K(18688K) Class: 2648K(2816K)->2648K(2816K)
[2025-10-03T12:04:54.666+0200][gc          ] GC(1) Pause Young (Concurrent Start) (Metadata GC Threshold) 25M->10M(1024M) 2,478ms
[2025-10-03T12:04:54.666+0200][gc,cpu      ] GC(1) User=0,01s Sys=0,00s Real=0,00s
[2025-10-03T12:04:54.666+0200][gc          ] GC(2) Concurrent Mark Cycle
[2025-10-03T12:04:54.666+0200][gc,marking  ] GC(2) Concurrent Clear Claimed Marks
[2025-10-03T12:04:54.666+0200][gc,marking  ] GC(2) Concurrent Clear Claimed Marks 0,016ms
[2025-10-03T12:04:54.666+0200][gc,marking  ] GC(2) Concurrent Scan Root Regions
[2025-10-03T12:04:54.667+0200][gc,marking  ] GC(2) Concurrent Scan Root Regions 1,187ms
[2025-10-03T12:04:54.667+0200][gc,marking  ] GC(2) Concurrent Mark
[2025-10-03T12:04:54.667+0200][gc,marking  ] GC(2) Concurrent Mark From Roots
[2025-10-03T12:04:54.667+0200][gc,task     ] GC(2) Using 3 workers of 3 for marking
[2025-10-03T12:04:54.668+0200][gc,marking  ] GC(2) Concurrent Mark From Roots 1,155ms
[2025-10-03T12:04:54.668+0200][gc,marking  ] GC(2) Concurrent Preclean
[2025-10-03T12:04:54.668+0200][gc,marking  ] GC(2) Concurrent Preclean 0,038ms
[2025-10-03T12:04:54.669+0200][gc,start    ] GC(2) Pause Remark
[2025-10-03T12:04:54.670+0200][gc          ] GC(2) Pause Remark 11M->11M(1024M) 1,030ms
[2025-10-03T12:04:54.670+0200][gc,cpu      ] GC(2) User=0,00s Sys=0,00s Real=0,01s
[2025-10-03T12:04:54.670+0200][gc,marking  ] GC(2) Concurrent Mark 2,386ms
[2025-10-03T12:04:54.670+0200][gc,marking  ] GC(2) Concurrent Rebuild Remembered Sets
[2025-10-03T12:04:54.671+0200][gc,marking  ] GC(2) Concurrent Rebuild Remembered Sets 1,289ms
[2025-10-03T12:04:54.671+0200][gc,start    ] GC(2) Pause Cleanup
[2025-10-03T12:04:54.671+0200][gc          ] GC(2) Pause Cleanup 11M->11M(1024M) 0,159ms
[2025-10-03T12:04:54.671+0200][gc,cpu      ] GC(2) User=0,00s Sys=0,00s Real=0,00s
[2025-10-03T12:04:54.671+0200][gc,marking  ] GC(2) Concurrent Cleanup for Next Mark
[2025-10-03T12:04:54.673+0200][gc,marking  ] GC(2) Concurrent Cleanup for Next Mark 2,214ms
[2025-10-03T12:04:54.673+0200][gc          ] GC(2) Concurrent Mark Cycle 7,492ms
[2025-10-03T12:04:55.073+0200][gc,start    ] GC(3) Pause Young (Normal) (G1 Evacuation Pause)
[2025-10-03T12:04:55.073+0200][gc,task     ] GC(3) Using 10 workers of 10 for evacuation
[2025-10-03T12:04:55.076+0200][gc,phases   ] GC(3)   Pre Evacuate Collection Set: 0,2ms
[2025-10-03T12:04:55.076+0200][gc,phases   ] GC(3)   Merge Heap Roots: 0,0ms
[2025-10-03T12:04:55.076+0200][gc,phases   ] GC(3)   Evacuate Collection Set: 2,3ms
[2025-10-03T12:04:55.076+0200][gc,phases   ] GC(3)   Post Evacuate Collection Set: 0,6ms
[2025-10-03T12:04:55.076+0200][gc,phases   ] GC(3)   Other: 0,1ms
[2025-10-03T12:04:55.076+0200][gc,heap     ] GC(3) Eden regions: 49->0(45)
[2025-10-03T12:04:55.076+0200][gc,heap     ] GC(3) Survivor regions: 2->6(7)
[2025-10-03T12:04:55.076+0200][gc,heap     ] GC(3) Old regions: 9->9
[2025-10-03T12:04:55.076+0200][gc,heap     ] GC(3) Archive regions: 2->2
[2025-10-03T12:04:55.076+0200][gc,heap     ] GC(3) Humongous regions: 0->0
[2025-10-03T12:04:55.076+0200][gc,metaspace] GC(3) Metaspace: 33542K(33984K)->33542K(33984K) NonClass: 29657K(29888K)->29657K(29888K) Class: 3885K(4096K)->3885K(4096K)
[2025-10-03T12:04:55.076+0200][gc          ] GC(3) Pause Young (Normal) (G1 Evacuation Pause) 59M->14M(1024M) 3,210ms
[2025-10-03T12:04:55.076+0200][gc,cpu      ] GC(3) User=0,02s Sys=0,00s Real=0,00s
[2025-10-03T12:04:55.152+0200][gc,start    ] GC(4) Pause Young (Concurrent Start) (Metadata GC Threshold)
[2025-10-03T12:04:55.152+0200][gc,task     ] GC(4) Using 10 workers of 10 for evacuation
[2025-10-03T12:04:55.155+0200][gc,phases   ] GC(4)   Pre Evacuate Collection Set: 0,2ms
[2025-10-03T12:04:55.155+0200][gc,phases   ] GC(4)   Merge Heap Roots: 0,0ms
[2025-10-03T12:04:55.155+0200][gc,phases   ] GC(4)   Evacuate Collection Set: 2,6ms
[2025-10-03T12:04:55.155+0200][gc,phases   ] GC(4)   Post Evacuate Collection Set: 0,4ms
[2025-10-03T12:04:55.155+0200][gc,phases   ] GC(4)   Other: 0,2ms
[2025-10-03T12:04:55.155+0200][gc,heap     ] GC(4) Eden regions: 12->0(49)
[2025-10-03T12:04:55.155+0200][gc,heap     ] GC(4) Survivor regions: 6->2(7)
[2025-10-03T12:04:55.155+0200][gc,heap     ] GC(4) Old regions: 9->14
[2025-10-03T12:04:55.155+0200][gc,heap     ] GC(4) Archive regions: 2->2
[2025-10-03T12:04:55.155+0200][gc,heap     ] GC(4) Humongous regions: 9->9
[2025-10-03T12:04:55.155+0200][gc,metaspace] GC(4) Metaspace: 35671K(36096K)->35671K(36096K) NonClass: 31526K(31744K)->31526K(31744K) Class: 4145K(4352K)->4145K(4352K)
[2025-10-03T12:04:55.155+0200][gc          ] GC(4) Pause Young (Concurrent Start) (Metadata GC Threshold) 35M->24M(1024M) 3,507ms
[2025-10-03T12:04:55.155+0200][gc,cpu      ] GC(4) User=0,03s Sys=0,00s Real=0,00s
[2025-10-03T12:04:55.155+0200][gc          ] GC(5) Concurrent Mark Cycle
[2025-10-03T12:04:55.155+0200][gc,marking  ] GC(5) Concurrent Clear Claimed Marks
[2025-10-03T12:04:55.156+0200][gc,marking  ] GC(5) Concurrent Clear Claimed Marks 0,136ms
[2025-10-03T12:04:55.156+0200][gc,marking  ] GC(5) Concurrent Scan Root Regions
[2025-10-03T12:04:55.157+0200][gc,marking  ] GC(5) Concurrent Scan Root Regions 1,669ms
[2025-10-03T12:04:55.157+0200][gc,marking  ] GC(5) Concurrent Mark
[2025-10-03T12:04:55.157+0200][gc,marking  ] GC(5) Concurrent Mark From Roots
[2025-10-03T12:04:55.157+0200][gc,task     ] GC(5) Using 3 workers of 3 for marking
[2025-10-03T12:04:55.161+0200][gc,marking  ] GC(5) Concurrent Mark From Roots 3,787ms
[2025-10-03T12:04:55.161+0200][gc,marking  ] GC(5) Concurrent Preclean
[2025-10-03T12:04:55.161+0200][gc,marking  ] GC(5) Concurrent Preclean 0,114ms
[2025-10-03T12:04:55.161+0200][gc,start    ] GC(5) Pause Remark
[2025-10-03T12:04:55.162+0200][gc          ] GC(5) Pause Remark 26M->26M(1024M) 1,123ms
[2025-10-03T12:04:55.162+0200][gc,cpu      ] GC(5) User=0,01s Sys=0,00s Real=0,00s
[2025-10-03T12:04:55.163+0200][gc,marking  ] GC(5) Concurrent Mark 5,275ms
[2025-10-03T12:04:55.163+0200][gc,marking  ] GC(5) Concurrent Rebuild Remembered Sets
[2025-10-03T12:04:55.165+0200][gc,marking  ] GC(5) Concurrent Rebuild Remembered Sets 2,725ms
[2025-10-03T12:04:55.165+0200][gc,start    ] GC(5) Pause Cleanup
[2025-10-03T12:04:55.166+0200][gc          ] GC(5) Pause Cleanup 26M->26M(1024M) 0,136ms
[2025-10-03T12:04:55.166+0200][gc,cpu      ] GC(5) User=0,00s Sys=0,00s Real=0,00s
[2025-10-03T12:04:55.166+0200][gc,marking  ] GC(5) Concurrent Cleanup for Next Mark
[2025-10-03T12:04:55.168+0200][gc,marking  ] GC(5) Concurrent Cleanup for Next Mark 2,788ms
[2025-10-03T12:04:55.168+0200][gc          ] GC(5) Concurrent Mark Cycle 13,074ms
[2025-10-03T12:04:55.428+0200][gc,start    ] GC(6) Pause Young (Prepare Mixed) (G1 Evacuation Pause)
[2025-10-03T12:04:55.428+0200][gc,task     ] GC(6) Using 10 workers of 10 for evacuation
[2025-10-03T12:04:55.431+0200][gc,phases   ] GC(6)   Pre Evacuate Collection Set: 0,2ms
[2025-10-03T12:04:55.431+0200][gc,phases   ] GC(6)   Merge Heap Roots: 0,1ms
[2025-10-03T12:04:55.431+0200][gc,phases   ] GC(6)   Evacuate Collection Set: 2,1ms
[2025-10-03T12:04:55.431+0200][gc,phases   ] GC(6)   Post Evacuate Collection Set: 0,4ms
[2025-10-03T12:04:55.431+0200][gc,phases   ] GC(6)   Other: 0,1ms
[2025-10-03T12:04:55.431+0200][gc,heap     ] GC(6) Eden regions: 49->0(44)
[2025-10-03T12:04:55.431+0200][gc,heap     ] GC(6) Survivor regions: 2->7(7)
[2025-10-03T12:04:55.431+0200][gc,heap     ] GC(6) Old regions: 14->15
[2025-10-03T12:04:55.431+0200][gc,heap     ] GC(6) Archive regions: 2->2
[2025-10-03T12:04:55.431+0200][gc,heap     ] GC(6) Humongous regions: 9->9
[2025-10-03T12:04:55.431+0200][gc,metaspace] GC(6) Metaspace: 43298K(44096K)->43298K(44096K) NonClass: 38186K(38592K)->38186K(38592K) Class: 5112K(5504K)->5112K(5504K)
[2025-10-03T12:04:55.431+0200][gc          ] GC(6) Pause Young (Prepare Mixed) (G1 Evacuation Pause) 73M->31M(1024M) 2,864ms
[2025-10-03T12:04:55.431+0200][gc,cpu      ] GC(6) User=0,02s Sys=0,00s Real=0,01s
[2025-10-03T12:04:56.459+0200][gc,start    ] GC(7) Pause Young (Mixed) (G1 Evacuation Pause)
[2025-10-03T12:04:56.459+0200][gc,task     ] GC(7) Using 10 workers of 10 for evacuation
[2025-10-03T12:04:56.461+0200][gc,phases   ] GC(7)   Pre Evacuate Collection Set: 0,1ms
[2025-10-03T12:04:56.461+0200][gc,phases   ] GC(7)   Merge Heap Roots: 0,0ms
[2025-10-03T12:04:56.462+0200][gc,phases   ] GC(7)   Evacuate Collection Set: 2,3ms
[2025-10-03T12:04:56.462+0200][gc,phases   ] GC(7)   Post Evacuate Collection Set: 0,5ms
[2025-10-03T12:04:56.462+0200][gc,phases   ] GC(7)   Other: 0,1ms
[2025-10-03T12:04:56.462+0200][gc,heap     ] GC(7) Eden regions: 44->0(48)
[2025-10-03T12:04:56.462+0200][gc,heap     ] GC(7) Survivor regions: 7->3(7)
[2025-10-03T12:04:56.462+0200][gc,heap     ] GC(7) Old regions: 15->19
[2025-10-03T12:04:56.462+0200][gc,heap     ] GC(7) Archive regions: 2->2
[2025-10-03T12:04:56.462+0200][gc,heap     ] GC(7) Humongous regions: 138->0
[2025-10-03T12:04:56.462+0200][gc,metaspace] GC(7) Metaspace: 46868K(47808K)->46868K(47808K) NonClass: 41200K(41728K)->41200K(41728K) Class: 5667K(6080K)->5667K(6080K)
[2025-10-03T12:04:56.462+0200][gc          ] GC(7) Pause Young (Mixed) (G1 Evacuation Pause) 204M->22M(1024M) 3,031ms
[2025-10-03T12:04:56.462+0200][gc,cpu      ] GC(7) User=0,02s Sys=0,00s Real=0,01s
[2025-10-03T12:04:56.474+0200][gc,heap,exit] Heap
[2025-10-03T12:04:56.474+0200][gc,heap,exit]  garbage-first heap   total 1048576K, used 25868K [0x00000000c0000000, 0x0000000100000000)
[2025-10-03T12:04:56.474+0200][gc,heap,exit]   region size 1024K, 7 young (7168K), 3 survivors (3072K)
[2025-10-03T12:04:56.474+0200][gc,heap,exit]  Metaspace       used 46912K, committed 47872K, reserved 1114112K
[2025-10-03T12:04:56.474+0200][gc,heap,exit]   class space    used 5681K, committed 6144K, reserved 1048576K
