[2025-10-21T17:26:54.136+0200][gc] Using G1
[2025-10-21T17:26:54.149+0200][gc,init] Version: 17.0.16+8-Ubuntu-0ubuntu124.04.1 (release)
[2025-10-21T17:26:54.149+0200][gc,init] CPUs: 12 total, 12 available
[2025-10-21T17:26:54.149+0200][gc,init] Memory: 15666M
[2025-10-21T17:26:54.149+0200][gc,init] Large Page Support: Disabled
[2025-10-21T17:26:54.149+0200][gc,init] NUMA Support: Disabled
[2025-10-21T17:26:54.149+0200][gc,init] Compressed Oops: Enabled (32-bit)
[2025-10-21T17:26:54.149+0200][gc,init] Heap Region Size: 1M
[2025-10-21T17:26:54.149+0200][gc,init] Heap Min Capacity: 1G
[2025-10-21T17:26:54.149+0200][gc,init] Heap Initial Capacity: 1G
[2025-10-21T17:26:54.149+0200][gc,init] Heap Max Capacity: 1G
[2025-10-21T17:26:54.149+0200][gc,init] Pre-touch: Disabled
[2025-10-21T17:26:54.149+0200][gc,init] Parallel Workers: 10
[2025-10-21T17:26:54.149+0200][gc,init] Concurrent Workers: 3
[2025-10-21T17:26:54.149+0200][gc,init] Concurrent Refinement Workers: 10
[2025-10-21T17:26:54.149+0200][gc,init] Periodic GC: Disabled
[2025-10-21T17:26:54.158+0200][gc,metaspace] CDS archive(s) mapped at: [0x00007e305f000000-0x00007e305fbca000-0x00007e305fbca000), size 12361728, SharedBaseAddress: 0x00007e305f000000, ArchiveRelocationMode: 1.
[2025-10-21T17:26:54.158+0200][gc,metaspace] Compressed class space mapped at: 0x00007e3060000000-0x00007e30a0000000, reserved size: 1073741824
[2025-10-21T17:26:54.158+0200][gc,metaspace] Narrow klass base: 0x00007e305f000000, Narrow klass shift: 0, Narrow klass range: 0x100000000
[2025-10-21T17:26:55.258+0200][gc,start    ] GC(0) Pause Young (Normal) (G1 Evacuation Pause)
[2025-10-21T17:26:55.259+0200][gc,task     ] GC(0) Using 10 workers of 10 for evacuation
[2025-10-21T17:26:55.263+0200][gc,phases   ] GC(0)   Pre Evacuate Collection Set: 0,1ms
[2025-10-21T17:26:55.263+0200][gc,phases   ] GC(0)   Merge Heap Roots: 0,1ms
[2025-10-21T17:26:55.263+0200][gc,phases   ] GC(0)   Evacuate Collection Set: 3,4ms
[2025-10-21T17:26:55.263+0200][gc,phases   ] GC(0)   Post Evacuate Collection Set: 0,5ms
[2025-10-21T17:26:55.263+0200][gc,phases   ] GC(0)   Other: 1,2ms
[2025-10-21T17:26:55.263+0200][gc,heap     ] GC(0) Eden regions: 51->0(44)
[2025-10-21T17:26:55.263+0200][gc,heap     ] GC(0) Survivor regions: 0->7(7)
[2025-10-21T17:26:55.263+0200][gc,heap     ] GC(0) Old regions: 0->2
[2025-10-21T17:26:55.263+0200][gc,heap     ] GC(0) Archive regions: 2->2
[2025-10-21T17:26:55.263+0200][gc,heap     ] GC(0) Humongous regions: 0->0
[2025-10-21T17:26:55.263+0200][gc,metaspace] GC(0) Metaspace: 16518K(16768K)->16518K(16768K) NonClass: 14588K(14720K)->14588K(14720K) Class: 1930K(2048K)->1930K(2048K)
[2025-10-21T17:26:55.263+0200][gc          ] GC(0) Pause Young (Normal) (G1 Evacuation Pause) 51M->8M(1024M) 5,479ms
[2025-10-21T17:26:55.263+0200][gc,cpu      ] GC(0) User=0,03s Sys=0,01s Real=0,00s
[2025-10-21T17:26:55.560+0200][gc,start    ] GC(1) Pause Young (Concurrent Start) (Metadata GC Threshold)
[2025-10-21T17:26:55.560+0200][gc,task     ] GC(1) Using 10 workers of 10 for evacuation
[2025-10-21T17:26:55.566+0200][gc,phases   ] GC(1)   Pre Evacuate Collection Set: 0,3ms
[2025-10-21T17:26:55.566+0200][gc,phases   ] GC(1)   Merge Heap Roots: 0,2ms
[2025-10-21T17:26:55.566+0200][gc,phases   ] GC(1)   Evacuate Collection Set: 4,3ms
[2025-10-21T17:26:55.566+0200][gc,phases   ] GC(1)   Post Evacuate Collection Set: 0,6ms
[2025-10-21T17:26:55.566+0200][gc,phases   ] GC(1)   Other: 0,4ms
[2025-10-21T17:26:55.566+0200][gc,heap     ] GC(1) Eden regions: 15->0(49)
[2025-10-21T17:26:55.566+0200][gc,heap     ] GC(1) Survivor regions: 7->2(7)
[2025-10-21T17:26:55.566+0200][gc,heap     ] GC(1) Old regions: 2->8
[2025-10-21T17:26:55.566+0200][gc,heap     ] GC(1) Archive regions: 2->2
[2025-10-21T17:26:55.566+0200][gc,heap     ] GC(1) Humongous regions: 0->0
[2025-10-21T17:26:55.566+0200][gc,metaspace] GC(1) Metaspace: 21242K(21504K)->21242K(21504K) NonClass: 18602K(18688K)->18602K(18688K) Class: 2640K(2816K)->2640K(2816K)
[2025-10-21T17:26:55.566+0200][gc          ] GC(1) Pause Young (Concurrent Start) (Metadata GC Threshold) 23M->10M(1024M) 5,871ms
[2025-10-21T17:26:55.566+0200][gc,cpu      ] GC(1) User=0,04s Sys=0,01s Real=0,01s
[2025-10-21T17:26:55.566+0200][gc          ] GC(2) Concurrent Mark Cycle
[2025-10-21T17:26:55.566+0200][gc,marking  ] GC(2) Concurrent Clear Claimed Marks
[2025-10-21T17:26:55.566+0200][gc,marking  ] GC(2) Concurrent Clear Claimed Marks 0,037ms
[2025-10-21T17:26:55.566+0200][gc,marking  ] GC(2) Concurrent Scan Root Regions
[2025-10-21T17:26:55.570+0200][gc,marking  ] GC(2) Concurrent Scan Root Regions 3,209ms
[2025-10-21T17:26:55.570+0200][gc,marking  ] GC(2) Concurrent Mark
[2025-10-21T17:26:55.570+0200][gc,marking  ] GC(2) Concurrent Mark From Roots
[2025-10-21T17:26:55.570+0200][gc,task     ] GC(2) Using 3 workers of 3 for marking
[2025-10-21T17:26:55.573+0200][gc,marking  ] GC(2) Concurrent Mark From Roots 3,094ms
[2025-10-21T17:26:55.573+0200][gc,marking  ] GC(2) Concurrent Preclean
[2025-10-21T17:26:55.573+0200][gc,marking  ] GC(2) Concurrent Preclean 0,192ms
[2025-10-21T17:26:55.573+0200][gc,start    ] GC(2) Pause Remark
[2025-10-21T17:26:55.576+0200][gc          ] GC(2) Pause Remark 10M->10M(1024M) 2,876ms
[2025-10-21T17:26:55.576+0200][gc,cpu      ] GC(2) User=0,01s Sys=0,01s Real=0,01s
[2025-10-21T17:26:55.576+0200][gc,marking  ] GC(2) Concurrent Mark 6,442ms
[2025-10-21T17:26:55.576+0200][gc,marking  ] GC(2) Concurrent Rebuild Remembered Sets
[2025-10-21T17:26:55.576+0200][gc,marking  ] GC(2) Concurrent Rebuild Remembered Sets 0,010ms
[2025-10-21T17:26:55.576+0200][gc,start    ] GC(2) Pause Cleanup
[2025-10-21T17:26:55.576+0200][gc          ] GC(2) Pause Cleanup 10M->10M(1024M) 0,015ms
[2025-10-21T17:26:55.576+0200][gc,cpu      ] GC(2) User=0,00s Sys=0,00s Real=0,00s
[2025-10-21T17:26:55.577+0200][gc,marking  ] GC(2) Concurrent Cleanup for Next Mark
[2025-10-21T17:26:55.583+0200][gc,marking  ] GC(2) Concurrent Cleanup for Next Mark 6,808ms
[2025-10-21T17:26:55.583+0200][gc          ] GC(2) Concurrent Mark Cycle 17,053ms
[2025-10-21T17:26:56.570+0200][gc,start    ] GC(3) Pause Young (Normal) (G1 Evacuation Pause)
[2025-10-21T17:26:56.570+0200][gc,task     ] GC(3) Using 10 workers of 10 for evacuation
[2025-10-21T17:26:56.574+0200][gc,phases   ] GC(3)   Pre Evacuate Collection Set: 0,3ms
[2025-10-21T17:26:56.575+0200][gc,phases   ] GC(3)   Merge Heap Roots: 0,1ms
[2025-10-21T17:26:56.575+0200][gc,phases   ] GC(3)   Evacuate Collection Set: 3,3ms
[2025-10-21T17:26:56.575+0200][gc,phases   ] GC(3)   Post Evacuate Collection Set: 0,8ms
[2025-10-21T17:26:56.575+0200][gc,phases   ] GC(3)   Other: 0,2ms
[2025-10-21T17:26:56.575+0200][gc,heap     ] GC(3) Eden regions: 49->0(45)
[2025-10-21T17:26:56.575+0200][gc,heap     ] GC(3) Survivor regions: 2->6(7)
[2025-10-21T17:26:56.575+0200][gc,heap     ] GC(3) Old regions: 8->8
[2025-10-21T17:26:56.575+0200][gc,heap     ] GC(3) Archive regions: 2->2
[2025-10-21T17:26:56.575+0200][gc,heap     ] GC(3) Humongous regions: 0->0
[2025-10-21T17:26:56.575+0200][gc,metaspace] GC(3) Metaspace: 33177K(33536K)->33177K(33536K) NonClass: 29330K(29504K)->29330K(29504K) Class: 3847K(4032K)->3847K(4032K)
[2025-10-21T17:26:56.575+0200][gc          ] GC(3) Pause Young (Normal) (G1 Evacuation Pause) 59M->14M(1024M) 4,776ms
[2025-10-21T17:26:56.575+0200][gc,cpu      ] GC(3) User=0,04s Sys=0,00s Real=0,00s
[2025-10-21T17:26:56.839+0200][gc,start    ] GC(4) Pause Young (Concurrent Start) (Metadata GC Threshold)
[2025-10-21T17:26:56.839+0200][gc,task     ] GC(4) Using 10 workers of 10 for evacuation
[2025-10-21T17:26:56.849+0200][gc,phases   ] GC(4)   Pre Evacuate Collection Set: 0,4ms
[2025-10-21T17:26:56.849+0200][gc,phases   ] GC(4)   Merge Heap Roots: 0,2ms
[2025-10-21T17:26:56.849+0200][gc,phases   ] GC(4)   Evacuate Collection Set: 7,9ms
[2025-10-21T17:26:56.849+0200][gc,phases   ] GC(4)   Post Evacuate Collection Set: 1,4ms
[2025-10-21T17:26:56.849+0200][gc,phases   ] GC(4)   Other: 0,4ms
[2025-10-21T17:26:56.849+0200][gc,heap     ] GC(4) Eden regions: 13->0(49)
[2025-10-21T17:26:56.849+0200][gc,heap     ] GC(4) Survivor regions: 6->2(7)
[2025-10-21T17:26:56.849+0200][gc,heap     ] GC(4) Old regions: 8->14
[2025-10-21T17:26:56.849+0200][gc,heap     ] GC(4) Archive regions: 2->2
[2025-10-21T17:26:56.849+0200][gc,heap     ] GC(4) Humongous regions: 9->9
[2025-10-21T17:26:56.849+0200][gc,metaspace] GC(4) Metaspace: 35561K(35968K)->35561K(35968K) NonClass: 31429K(31616K)->31429K(31616K) Class: 4131K(4352K)->4131K(4352K)
[2025-10-21T17:26:56.849+0200][gc          ] GC(4) Pause Young (Concurrent Start) (Metadata GC Threshold) 36M->24M(1024M) 10,526ms
[2025-10-21T17:26:56.849+0200][gc,cpu      ] GC(4) User=0,09s Sys=0,01s Real=0,01s
[2025-10-21T17:26:56.849+0200][gc          ] GC(5) Concurrent Mark Cycle
[2025-10-21T17:26:56.849+0200][gc,marking  ] GC(5) Concurrent Clear Claimed Marks
[2025-10-21T17:26:56.849+0200][gc,marking  ] GC(5) Concurrent Clear Claimed Marks 0,087ms
[2025-10-21T17:26:56.849+0200][gc,marking  ] GC(5) Concurrent Scan Root Regions
[2025-10-21T17:26:56.853+0200][gc,marking  ] GC(5) Concurrent Scan Root Regions 3,955ms
[2025-10-21T17:26:56.853+0200][gc,marking  ] GC(5) Concurrent Mark
[2025-10-21T17:26:56.853+0200][gc,marking  ] GC(5) Concurrent Mark From Roots
[2025-10-21T17:26:56.853+0200][gc,task     ] GC(5) Using 3 workers of 3 for marking
[2025-10-21T17:26:56.864+0200][gc,marking  ] GC(5) Concurrent Mark From Roots 10,626ms
[2025-10-21T17:26:56.864+0200][gc,marking  ] GC(5) Concurrent Preclean
[2025-10-21T17:26:56.864+0200][gc,marking  ] GC(5) Concurrent Preclean 0,306ms
[2025-10-21T17:26:56.865+0200][gc,start    ] GC(5) Pause Remark
[2025-10-21T17:26:56.868+0200][gc          ] GC(5) Pause Remark 25M->25M(1024M) 2,997ms
[2025-10-21T17:26:56.868+0200][gc,cpu      ] GC(5) User=0,02s Sys=0,00s Real=0,01s
[2025-10-21T17:26:56.868+0200][gc,marking  ] GC(5) Concurrent Mark 14,565ms
[2025-10-21T17:26:56.868+0200][gc,marking  ] GC(5) Concurrent Rebuild Remembered Sets
[2025-10-21T17:26:56.876+0200][gc,marking  ] GC(5) Concurrent Rebuild Remembered Sets 7,822ms
[2025-10-21T17:26:56.876+0200][gc,start    ] GC(5) Pause Cleanup
[2025-10-21T17:26:56.877+0200][gc          ] GC(5) Pause Cleanup 26M->26M(1024M) 0,529ms
[2025-10-21T17:26:56.877+0200][gc,cpu      ] GC(5) User=0,00s Sys=0,00s Real=0,00s
[2025-10-21T17:26:56.877+0200][gc,marking  ] GC(5) Concurrent Cleanup for Next Mark
[2025-10-21T17:26:56.885+0200][gc,marking  ] GC(5) Concurrent Cleanup for Next Mark 7,743ms
[2025-10-21T17:26:56.885+0200][gc          ] GC(5) Concurrent Mark Cycle 35,629ms
[2025-10-21T17:26:57.604+0200][gc,start    ] GC(6) Pause Young (Normal) (G1 Evacuation Pause)
[2025-10-21T17:26:57.604+0200][gc,task     ] GC(6) Using 10 workers of 10 for evacuation
[2025-10-21T17:26:57.611+0200][gc,phases   ] GC(6)   Pre Evacuate Collection Set: 0,3ms
[2025-10-21T17:26:57.612+0200][gc,phases   ] GC(6)   Merge Heap Roots: 0,1ms
[2025-10-21T17:26:57.612+0200][gc,phases   ] GC(6)   Evacuate Collection Set: 5,5ms
[2025-10-21T17:26:57.612+0200][gc,phases   ] GC(6)   Post Evacuate Collection Set: 1,0ms
[2025-10-21T17:26:57.612+0200][gc,phases   ] GC(6)   Other: 0,2ms
[2025-10-21T17:26:57.612+0200][gc,heap     ] GC(6) Eden regions: 49->0(44)
[2025-10-21T17:26:57.612+0200][gc,heap     ] GC(6) Survivor regions: 2->7(7)
[2025-10-21T17:26:57.612+0200][gc,heap     ] GC(6) Old regions: 14->15
[2025-10-21T17:26:57.612+0200][gc,heap     ] GC(6) Archive regions: 2->2
[2025-10-21T17:26:57.612+0200][gc,heap     ] GC(6) Humongous regions: 9->9
[2025-10-21T17:26:57.612+0200][gc,metaspace] GC(6) Metaspace: 43142K(43968K)->43142K(43968K) NonClass: 38063K(38528K)->38063K(38528K) Class: 5078K(5440K)->5078K(5440K)
[2025-10-21T17:26:57.612+0200][gc          ] GC(6) Pause Young (Normal) (G1 Evacuation Pause) 73M->31M(1024M) 7,262ms
[2025-10-21T17:26:57.612+0200][gc,cpu      ] GC(6) User=0,06s Sys=0,00s Real=0,01s
[2025-10-21T17:27:42.683+0200][gc,start    ] GC(7) Pause Young (Normal) (G1 Evacuation Pause)
[2025-10-21T17:27:42.683+0200][gc,task     ] GC(7) Using 10 workers of 10 for evacuation
[2025-10-21T17:27:42.689+0200][gc,phases   ] GC(7)   Pre Evacuate Collection Set: 0,3ms
[2025-10-21T17:27:42.689+0200][gc,phases   ] GC(7)   Merge Heap Roots: 0,1ms
[2025-10-21T17:27:42.689+0200][gc,phases   ] GC(7)   Evacuate Collection Set: 4,8ms
[2025-10-21T17:27:42.689+0200][gc,phases   ] GC(7)   Post Evacuate Collection Set: 1,2ms
[2025-10-21T17:27:42.689+0200][gc,phases   ] GC(7)   Other: 0,2ms
[2025-10-21T17:27:42.689+0200][gc,heap     ] GC(7) Eden regions: 44->0(47)
[2025-10-21T17:27:42.689+0200][gc,heap     ] GC(7) Survivor regions: 7->4(7)
[2025-10-21T17:27:42.689+0200][gc,heap     ] GC(7) Old regions: 15->22
[2025-10-21T17:27:42.689+0200][gc,heap     ] GC(7) Archive regions: 2->2
[2025-10-21T17:27:42.689+0200][gc,heap     ] GC(7) Humongous regions: 144->138
[2025-10-21T17:27:42.689+0200][gc,metaspace] GC(7) Metaspace: 47152K(48128K)->47152K(48128K) NonClass: 41537K(42048K)->41537K(42048K) Class: 5615K(6080K)->5615K(6080K)
[2025-10-21T17:27:42.689+0200][gc          ] GC(7) Pause Young (Normal) (G1 Evacuation Pause) 210M->163M(1024M) 6,834ms
[2025-10-21T17:27:42.690+0200][gc,cpu      ] GC(7) User=0,04s Sys=0,00s Real=0,01s
[2025-10-21T17:31:38.723+0200][gc,start    ] GC(8) Pause Young (Normal) (G1 Evacuation Pause)
[2025-10-21T17:31:38.723+0200][gc,task     ] GC(8) Using 10 workers of 10 for evacuation
[2025-10-21T17:31:38.729+0200][gc,phases   ] GC(8)   Pre Evacuate Collection Set: 0,3ms
[2025-10-21T17:31:38.729+0200][gc,phases   ] GC(8)   Merge Heap Roots: 0,2ms
[2025-10-21T17:31:38.729+0200][gc,phases   ] GC(8)   Evacuate Collection Set: 3,8ms
[2025-10-21T17:31:38.729+0200][gc,phases   ] GC(8)   Post Evacuate Collection Set: 1,4ms
[2025-10-21T17:31:38.729+0200][gc,phases   ] GC(8)   Other: 0,2ms
[2025-10-21T17:31:38.729+0200][gc,heap     ] GC(8) Eden regions: 47->0(46)
[2025-10-21T17:31:38.729+0200][gc,heap     ] GC(8) Survivor regions: 4->5(7)
[2025-10-21T17:31:38.729+0200][gc,heap     ] GC(8) Old regions: 22->22
[2025-10-21T17:31:38.729+0200][gc,heap     ] GC(8) Archive regions: 2->2
[2025-10-21T17:31:38.729+0200][gc,heap     ] GC(8) Humongous regions: 139->139
[2025-10-21T17:31:38.729+0200][gc,metaspace] GC(8) Metaspace: 49801K(50944K)->49801K(50944K) NonClass: 43868K(44480K)->43868K(44480K) Class: 5933K(6464K)->5933K(6464K)
[2025-10-21T17:31:38.729+0200][gc          ] GC(8) Pause Young (Normal) (G1 Evacuation Pause) 211M->166M(1024M) 6,045ms
[2025-10-21T17:31:38.729+0200][gc,cpu      ] GC(8) User=0,04s Sys=0,01s Real=0,01s
[2025-10-21T17:35:45.972+0200][gc,start    ] GC(9) Pause Young (Normal) (G1 Evacuation Pause)
[2025-10-21T17:35:45.972+0200][gc,task     ] GC(9) Using 10 workers of 10 for evacuation
[2025-10-21T17:35:45.978+0200][gc,phases   ] GC(9)   Pre Evacuate Collection Set: 0,4ms
[2025-10-21T17:35:45.978+0200][gc,phases   ] GC(9)   Merge Heap Roots: 0,2ms
[2025-10-21T17:35:45.978+0200][gc,phases   ] GC(9)   Evacuate Collection Set: 4,5ms
[2025-10-21T17:35:45.978+0200][gc,phases   ] GC(9)   Post Evacuate Collection Set: 1,1ms
[2025-10-21T17:35:45.978+0200][gc,phases   ] GC(9)   Other: 0,3ms
[2025-10-21T17:35:45.978+0200][gc,heap     ] GC(9) Eden regions: 46->0(48)
[2025-10-21T17:35:45.978+0200][gc,heap     ] GC(9) Survivor regions: 5->4(7)
[2025-10-21T17:35:45.978+0200][gc,heap     ] GC(9) Old regions: 22->25
[2025-10-21T17:35:45.978+0200][gc,heap     ] GC(9) Archive regions: 2->2
[2025-10-21T17:35:45.978+0200][gc,heap     ] GC(9) Humongous regions: 139->139
[2025-10-21T17:35:45.978+0200][gc,metaspace] GC(9) Metaspace: 50481K(51584K)->50481K(51584K) NonClass: 44546K(45120K)->44546K(45120K) Class: 5934K(6464K)->5934K(6464K)
[2025-10-21T17:35:45.978+0200][gc          ] GC(9) Pause Young (Normal) (G1 Evacuation Pause) 212M->168M(1024M) 6,725ms
[2025-10-21T17:35:45.979+0200][gc,cpu      ] GC(9) User=0,04s Sys=0,00s Real=0,01s
[2025-10-21T17:36:09.356+0200][gc,heap,exit] Heap
[2025-10-21T17:36:09.356+0200][gc,heap,exit]  garbage-first heap   total 1048576K, used 190452K [0x00000000c0000000, 0x0000000100000000)
[2025-10-21T17:36:09.356+0200][gc,heap,exit]   region size 1024K, 22 young (22528K), 4 survivors (4096K)
[2025-10-21T17:36:09.356+0200][gc,heap,exit]  Metaspace       used 51162K, committed 52224K, reserved 1114112K
[2025-10-21T17:36:09.356+0200][gc,heap,exit]   class space    used 6091K, committed 6592K, reserved 1048576K
