[2025-10-21T17:18:07.309+0200][gc] Using G1
[2025-10-21T17:18:07.321+0200][gc,init] Version: 17.0.16+8-Ubuntu-0ubuntu124.04.1 (release)
[2025-10-21T17:18:07.321+0200][gc,init] CPUs: 12 total, 12 available
[2025-10-21T17:18:07.321+0200][gc,init] Memory: 15666M
[2025-10-21T17:18:07.321+0200][gc,init] Large Page Support: Disabled
[2025-10-21T17:18:07.321+0200][gc,init] NUMA Support: Disabled
[2025-10-21T17:18:07.321+0200][gc,init] Compressed Oops: Enabled (32-bit)
[2025-10-21T17:18:07.321+0200][gc,init] Heap Region Size: 1M
[2025-10-21T17:18:07.321+0200][gc,init] Heap Min Capacity: 1G
[2025-10-21T17:18:07.321+0200][gc,init] Heap Initial Capacity: 1G
[2025-10-21T17:18:07.321+0200][gc,init] Heap Max Capacity: 1G
[2025-10-21T17:18:07.321+0200][gc,init] Pre-touch: Disabled
[2025-10-21T17:18:07.321+0200][gc,init] Parallel Workers: 10
[2025-10-21T17:18:07.321+0200][gc,init] Concurrent Workers: 3
[2025-10-21T17:18:07.321+0200][gc,init] Concurrent Refinement Workers: 10
[2025-10-21T17:18:07.321+0200][gc,init] Periodic GC: Disabled
[2025-10-21T17:18:07.330+0200][gc,metaspace] CDS archive(s) mapped at: [0x00007049f7000000-0x00007049f7bca000-0x00007049f7bca000), size 12361728, SharedBaseAddress: 0x00007049f7000000, ArchiveRelocationMode: 1.
[2025-10-21T17:18:07.330+0200][gc,metaspace] Compressed class space mapped at: 0x00007049f8000000-0x0000704a38000000, reserved size: 1073741824
[2025-10-21T17:18:07.330+0200][gc,metaspace] Narrow klass base: 0x00007049f7000000, Narrow klass shift: 0, Narrow klass range: 0x100000000
[2025-10-21T17:18:08.650+0200][gc,start    ] GC(0) Pause Young (Normal) (G1 Evacuation Pause)
[2025-10-21T17:18:08.651+0200][gc,task     ] GC(0) Using 10 workers of 10 for evacuation
[2025-10-21T17:18:08.656+0200][gc,phases   ] GC(0)   Pre Evacuate Collection Set: 0,1ms
[2025-10-21T17:18:08.656+0200][gc,phases   ] GC(0)   Merge Heap Roots: 0,1ms
[2025-10-21T17:18:08.656+0200][gc,phases   ] GC(0)   Evacuate Collection Set: 4,0ms
[2025-10-21T17:18:08.656+0200][gc,phases   ] GC(0)   Post Evacuate Collection Set: 0,6ms
[2025-10-21T17:18:08.656+0200][gc,phases   ] GC(0)   Other: 1,2ms
[2025-10-21T17:18:08.656+0200][gc,heap     ] GC(0) Eden regions: 51->0(44)
[2025-10-21T17:18:08.656+0200][gc,heap     ] GC(0) Survivor regions: 0->7(7)
[2025-10-21T17:18:08.656+0200][gc,heap     ] GC(0) Old regions: 0->1
[2025-10-21T17:18:08.656+0200][gc,heap     ] GC(0) Archive regions: 2->2
[2025-10-21T17:18:08.656+0200][gc,heap     ] GC(0) Humongous regions: 0->0
[2025-10-21T17:18:08.656+0200][gc,metaspace] GC(0) Metaspace: 16465K(16640K)->16465K(16640K) NonClass: 14539K(14656K)->14539K(14656K) Class: 1926K(1984K)->1926K(1984K)
[2025-10-21T17:18:08.656+0200][gc          ] GC(0) Pause Young (Normal) (G1 Evacuation Pause) 51M->8M(1024M) 6,146ms
[2025-10-21T17:18:08.656+0200][gc,cpu      ] GC(0) User=0,04s Sys=0,01s Real=0,01s
[2025-10-21T17:18:09.001+0200][gc,start    ] GC(1) Pause Young (Concurrent Start) (Metadata GC Threshold)
[2025-10-21T17:18:09.001+0200][gc,task     ] GC(1) Using 10 workers of 10 for evacuation
[2025-10-21T17:18:09.006+0200][gc,phases   ] GC(1)   Pre Evacuate Collection Set: 0,3ms
[2025-10-21T17:18:09.006+0200][gc,phases   ] GC(1)   Merge Heap Roots: 0,1ms
[2025-10-21T17:18:09.006+0200][gc,phases   ] GC(1)   Evacuate Collection Set: 3,3ms
[2025-10-21T17:18:09.006+0200][gc,phases   ] GC(1)   Post Evacuate Collection Set: 0,8ms
[2025-10-21T17:18:09.006+0200][gc,phases   ] GC(1)   Other: 0,3ms
[2025-10-21T17:18:09.006+0200][gc,heap     ] GC(1) Eden regions: 15->0(49)
[2025-10-21T17:18:09.006+0200][gc,heap     ] GC(1) Survivor regions: 7->2(7)
[2025-10-21T17:18:09.006+0200][gc,heap     ] GC(1) Old regions: 1->9
[2025-10-21T17:18:09.006+0200][gc,heap     ] GC(1) Archive regions: 2->2
[2025-10-21T17:18:09.006+0200][gc,heap     ] GC(1) Humongous regions: 0->0
[2025-10-21T17:18:09.006+0200][gc,metaspace] GC(1) Metaspace: 21242K(21504K)->21242K(21504K) NonClass: 18605K(18688K)->18605K(18688K) Class: 2637K(2816K)->2637K(2816K)
[2025-10-21T17:18:09.006+0200][gc          ] GC(1) Pause Young (Concurrent Start) (Metadata GC Threshold) 23M->10M(1024M) 4,801ms
[2025-10-21T17:18:09.006+0200][gc,cpu      ] GC(1) User=0,03s Sys=0,01s Real=0,01s
[2025-10-21T17:18:09.006+0200][gc          ] GC(2) Concurrent Mark Cycle
[2025-10-21T17:18:09.006+0200][gc,marking  ] GC(2) Concurrent Clear Claimed Marks
[2025-10-21T17:18:09.006+0200][gc,marking  ] GC(2) Concurrent Clear Claimed Marks 0,049ms
[2025-10-21T17:18:09.006+0200][gc,marking  ] GC(2) Concurrent Scan Root Regions
[2025-10-21T17:18:09.009+0200][gc,marking  ] GC(2) Concurrent Scan Root Regions 3,156ms
[2025-10-21T17:18:09.009+0200][gc,marking  ] GC(2) Concurrent Mark
[2025-10-21T17:18:09.009+0200][gc,marking  ] GC(2) Concurrent Mark From Roots
[2025-10-21T17:18:09.009+0200][gc,task     ] GC(2) Using 3 workers of 3 for marking
[2025-10-21T17:18:09.012+0200][gc,marking  ] GC(2) Concurrent Mark From Roots 2,876ms
[2025-10-21T17:18:09.012+0200][gc,marking  ] GC(2) Concurrent Preclean
[2025-10-21T17:18:09.012+0200][gc,marking  ] GC(2) Concurrent Preclean 0,184ms
[2025-10-21T17:18:09.012+0200][gc,start    ] GC(2) Pause Remark
[2025-10-21T17:18:09.015+0200][gc          ] GC(2) Pause Remark 10M->10M(1024M) 2,888ms
[2025-10-21T17:18:09.015+0200][gc,cpu      ] GC(2) User=0,01s Sys=0,01s Real=0,01s
[2025-10-21T17:18:09.015+0200][gc,marking  ] GC(2) Concurrent Mark 6,303ms
[2025-10-21T17:18:09.015+0200][gc,marking  ] GC(2) Concurrent Rebuild Remembered Sets
[2025-10-21T17:18:09.019+0200][gc,marking  ] GC(2) Concurrent Rebuild Remembered Sets 3,300ms
[2025-10-21T17:18:09.019+0200][gc,start    ] GC(2) Pause Cleanup
[2025-10-21T17:18:09.020+0200][gc          ] GC(2) Pause Cleanup 10M->10M(1024M) 0,308ms
[2025-10-21T17:18:09.020+0200][gc,cpu      ] GC(2) User=0,00s Sys=0,00s Real=0,00s
[2025-10-21T17:18:09.020+0200][gc,marking  ] GC(2) Concurrent Cleanup for Next Mark
[2025-10-21T17:18:09.025+0200][gc,marking  ] GC(2) Concurrent Cleanup for Next Mark 5,674ms
[2025-10-21T17:18:09.025+0200][gc          ] GC(2) Concurrent Mark Cycle 19,596ms
[2025-10-21T17:18:10.125+0200][gc,start    ] GC(3) Pause Young (Normal) (G1 Evacuation Pause)
[2025-10-21T17:18:10.125+0200][gc,task     ] GC(3) Using 10 workers of 10 for evacuation
[2025-10-21T17:18:10.130+0200][gc,phases   ] GC(3)   Pre Evacuate Collection Set: 0,2ms
[2025-10-21T17:18:10.130+0200][gc,phases   ] GC(3)   Merge Heap Roots: 0,1ms
[2025-10-21T17:18:10.130+0200][gc,phases   ] GC(3)   Evacuate Collection Set: 3,6ms
[2025-10-21T17:18:10.130+0200][gc,phases   ] GC(3)   Post Evacuate Collection Set: 0,8ms
[2025-10-21T17:18:10.130+0200][gc,phases   ] GC(3)   Other: 0,2ms
[2025-10-21T17:18:10.130+0200][gc,heap     ] GC(3) Eden regions: 49->0(45)
[2025-10-21T17:18:10.130+0200][gc,heap     ] GC(3) Survivor regions: 2->6(7)
[2025-10-21T17:18:10.130+0200][gc,heap     ] GC(3) Old regions: 9->9
[2025-10-21T17:18:10.130+0200][gc,heap     ] GC(3) Archive regions: 2->2
[2025-10-21T17:18:10.130+0200][gc,heap     ] GC(3) Humongous regions: 0->0
[2025-10-21T17:18:10.130+0200][gc,metaspace] GC(3) Metaspace: 33403K(33792K)->33403K(33792K) NonClass: 29530K(29696K)->29530K(29696K) Class: 3872K(4096K)->3872K(4096K)
[2025-10-21T17:18:10.130+0200][gc          ] GC(3) Pause Young (Normal) (G1 Evacuation Pause) 59M->14M(1024M) 5,005ms
[2025-10-21T17:18:10.130+0200][gc,cpu      ] GC(3) User=0,03s Sys=0,01s Real=0,01s
[2025-10-21T17:18:10.360+0200][gc,start    ] GC(4) Pause Young (Concurrent Start) (Metadata GC Threshold)
[2025-10-21T17:18:10.360+0200][gc,task     ] GC(4) Using 10 workers of 10 for evacuation
[2025-10-21T17:18:10.368+0200][gc,phases   ] GC(4)   Pre Evacuate Collection Set: 0,3ms
[2025-10-21T17:18:10.368+0200][gc,phases   ] GC(4)   Merge Heap Roots: 0,1ms
[2025-10-21T17:18:10.368+0200][gc,phases   ] GC(4)   Evacuate Collection Set: 6,1ms
[2025-10-21T17:18:10.368+0200][gc,phases   ] GC(4)   Post Evacuate Collection Set: 1,6ms
[2025-10-21T17:18:10.368+0200][gc,phases   ] GC(4)   Other: 0,4ms
[2025-10-21T17:18:10.368+0200][gc,heap     ] GC(4) Eden regions: 13->0(49)
[2025-10-21T17:18:10.368+0200][gc,heap     ] GC(4) Survivor regions: 6->2(7)
[2025-10-21T17:18:10.368+0200][gc,heap     ] GC(4) Old regions: 9->14
[2025-10-21T17:18:10.368+0200][gc,heap     ] GC(4) Archive regions: 2->2
[2025-10-21T17:18:10.368+0200][gc,heap     ] GC(4) Humongous regions: 9->9
[2025-10-21T17:18:10.368+0200][gc,metaspace] GC(4) Metaspace: 35609K(36096K)->35609K(36096K) NonClass: 31460K(31680K)->31460K(31680K) Class: 4149K(4416K)->4149K(4416K)
[2025-10-21T17:18:10.368+0200][gc          ] GC(4) Pause Young (Concurrent Start) (Metadata GC Threshold) 35M->24M(1024M) 8,638ms
[2025-10-21T17:18:10.368+0200][gc,cpu      ] GC(4) User=0,08s Sys=0,01s Real=0,01s
[2025-10-21T17:18:10.369+0200][gc          ] GC(5) Concurrent Mark Cycle
[2025-10-21T17:18:10.369+0200][gc,marking  ] GC(5) Concurrent Clear Claimed Marks
[2025-10-21T17:18:10.369+0200][gc,marking  ] GC(5) Concurrent Clear Claimed Marks 0,092ms
[2025-10-21T17:18:10.369+0200][gc,marking  ] GC(5) Concurrent Scan Root Regions
[2025-10-21T17:18:10.373+0200][gc,marking  ] GC(5) Concurrent Scan Root Regions 3,759ms
[2025-10-21T17:18:10.373+0200][gc,marking  ] GC(5) Concurrent Mark
[2025-10-21T17:18:10.373+0200][gc,marking  ] GC(5) Concurrent Mark From Roots
[2025-10-21T17:18:10.373+0200][gc,task     ] GC(5) Using 3 workers of 3 for marking
[2025-10-21T17:18:10.381+0200][gc,marking  ] GC(5) Concurrent Mark From Roots 8,606ms
[2025-10-21T17:18:10.381+0200][gc,marking  ] GC(5) Concurrent Preclean
[2025-10-21T17:18:10.382+0200][gc,marking  ] GC(5) Concurrent Preclean 0,305ms
[2025-10-21T17:18:10.384+0200][gc,start    ] GC(5) Pause Remark
[2025-10-21T17:18:10.387+0200][gc          ] GC(5) Pause Remark 25M->25M(1024M) 2,887ms
[2025-10-21T17:18:10.387+0200][gc,cpu      ] GC(5) User=0,02s Sys=0,00s Real=0,01s
[2025-10-21T17:18:10.387+0200][gc,marking  ] GC(5) Concurrent Mark 14,234ms
[2025-10-21T17:18:10.387+0200][gc,marking  ] GC(5) Concurrent Rebuild Remembered Sets
[2025-10-21T17:18:10.394+0200][gc,marking  ] GC(5) Concurrent Rebuild Remembered Sets 7,092ms
[2025-10-21T17:18:10.394+0200][gc,start    ] GC(5) Pause Cleanup
[2025-10-21T17:18:10.395+0200][gc          ] GC(5) Pause Cleanup 25M->25M(1024M) 0,316ms
[2025-10-21T17:18:10.395+0200][gc,cpu      ] GC(5) User=0,00s Sys=0,00s Real=0,00s
[2025-10-21T17:18:10.395+0200][gc,marking  ] GC(5) Concurrent Cleanup for Next Mark
[2025-10-21T17:18:10.402+0200][gc,marking  ] GC(5) Concurrent Cleanup for Next Mark 6,826ms
[2025-10-21T17:18:10.402+0200][gc          ] GC(5) Concurrent Mark Cycle 33,099ms
[2025-10-21T17:18:11.195+0200][gc,start    ] GC(6) Pause Young (Normal) (G1 Evacuation Pause)
[2025-10-21T17:18:11.195+0200][gc,task     ] GC(6) Using 10 workers of 10 for evacuation
[2025-10-21T17:18:11.203+0200][gc,phases   ] GC(6)   Pre Evacuate Collection Set: 0,3ms
[2025-10-21T17:18:11.203+0200][gc,phases   ] GC(6)   Merge Heap Roots: 0,2ms
[2025-10-21T17:18:11.203+0200][gc,phases   ] GC(6)   Evacuate Collection Set: 6,0ms
[2025-10-21T17:18:11.203+0200][gc,phases   ] GC(6)   Post Evacuate Collection Set: 1,4ms
[2025-10-21T17:18:11.203+0200][gc,phases   ] GC(6)   Other: 0,3ms
[2025-10-21T17:18:11.203+0200][gc,heap     ] GC(6) Eden regions: 49->0(44)
[2025-10-21T17:18:11.203+0200][gc,heap     ] GC(6) Survivor regions: 2->7(7)
[2025-10-21T17:18:11.203+0200][gc,heap     ] GC(6) Old regions: 14->15
[2025-10-21T17:18:11.203+0200][gc,heap     ] GC(6) Archive regions: 2->2
[2025-10-21T17:18:11.203+0200][gc,heap     ] GC(6) Humongous regions: 9->9
[2025-10-21T17:18:11.203+0200][gc,metaspace] GC(6) Metaspace: 43569K(44352K)->43569K(44352K) NonClass: 38430K(38848K)->38430K(38848K) Class: 5138K(5504K)->5138K(5504K)
[2025-10-21T17:18:11.203+0200][gc          ] GC(6) Pause Young (Normal) (G1 Evacuation Pause) 73M->31M(1024M) 8,311ms
[2025-10-21T17:18:11.203+0200][gc,cpu      ] GC(6) User=0,05s Sys=0,01s Real=0,00s
[2025-10-21T17:19:10.019+0200][gc,start    ] GC(7) Pause Young (Normal) (G1 Evacuation Pause)
[2025-10-21T17:19:10.019+0200][gc,task     ] GC(7) Using 10 workers of 10 for evacuation
[2025-10-21T17:19:10.029+0200][gc,phases   ] GC(7)   Pre Evacuate Collection Set: 0,4ms
[2025-10-21T17:19:10.029+0200][gc,phases   ] GC(7)   Merge Heap Roots: 0,2ms
[2025-10-21T17:19:10.029+0200][gc,phases   ] GC(7)   Evacuate Collection Set: 7,0ms
[2025-10-21T17:19:10.029+0200][gc,phases   ] GC(7)   Post Evacuate Collection Set: 1,6ms
[2025-10-21T17:19:10.029+0200][gc,phases   ] GC(7)   Other: 0,3ms
[2025-10-21T17:19:10.029+0200][gc,heap     ] GC(7) Eden regions: 44->0(48)
[2025-10-21T17:19:10.029+0200][gc,heap     ] GC(7) Survivor regions: 7->3(7)
[2025-10-21T17:19:10.029+0200][gc,heap     ] GC(7) Old regions: 15->22
[2025-10-21T17:19:10.029+0200][gc,heap     ] GC(7) Archive regions: 2->2
[2025-10-21T17:19:10.029+0200][gc,heap     ] GC(7) Humongous regions: 144->138
[2025-10-21T17:19:10.029+0200][gc,metaspace] GC(7) Metaspace: 47342K(48384K)->47342K(48384K) NonClass: 41701K(42240K)->41701K(42240K) Class: 5640K(6144K)->5640K(6144K)
[2025-10-21T17:19:10.029+0200][gc          ] GC(7) Pause Young (Normal) (G1 Evacuation Pause) 210M->163M(1024M) 9,619ms
[2025-10-21T17:19:10.029+0200][gc,cpu      ] GC(7) User=0,06s Sys=0,01s Real=0,01s
[2025-10-21T17:25:27.046+0200][gc,start    ] GC(8) Pause Young (Normal) (G1 Evacuation Pause)
[2025-10-21T17:25:27.046+0200][gc,task     ] GC(8) Using 10 workers of 10 for evacuation
[2025-10-21T17:25:27.050+0200][gc,phases   ] GC(8)   Pre Evacuate Collection Set: 0,3ms
[2025-10-21T17:25:27.050+0200][gc,phases   ] GC(8)   Merge Heap Roots: 0,2ms
[2025-10-21T17:25:27.050+0200][gc,phases   ] GC(8)   Evacuate Collection Set: 2,4ms
[2025-10-21T17:25:27.050+0200][gc,phases   ] GC(8)   Post Evacuate Collection Set: 1,1ms
[2025-10-21T17:25:27.050+0200][gc,phases   ] GC(8)   Other: 0,2ms
[2025-10-21T17:25:27.050+0200][gc,heap     ] GC(8) Eden regions: 48->0(47)
[2025-10-21T17:25:27.050+0200][gc,heap     ] GC(8) Survivor regions: 3->4(7)
[2025-10-21T17:25:27.050+0200][gc,heap     ] GC(8) Old regions: 22->22
[2025-10-21T17:25:27.050+0200][gc,heap     ] GC(8) Archive regions: 2->2
[2025-10-21T17:25:27.050+0200][gc,heap     ] GC(8) Humongous regions: 138->138
[2025-10-21T17:25:27.050+0200][gc,metaspace] GC(8) Metaspace: 48289K(49280K)->48289K(49280K) NonClass: 42624K(43136K)->42624K(43136K) Class: 5664K(6144K)->5664K(6144K)
[2025-10-21T17:25:27.050+0200][gc          ] GC(8) Pause Young (Normal) (G1 Evacuation Pause) 211M->164M(1024M) 4,487ms
[2025-10-21T17:25:27.050+0200][gc,cpu      ] GC(8) User=0,02s Sys=0,00s Real=0,00s
[2025-10-21T17:26:24.649+0200][gc,heap,exit] Heap
[2025-10-21T17:26:24.650+0200][gc,heap,exit]  garbage-first heap   total 1048576K, used 189396K [0x00000000c0000000, 0x0000000100000000)
[2025-10-21T17:26:24.650+0200][gc,heap,exit]   region size 1024K, 25 young (25600K), 4 survivors (4096K)
[2025-10-21T17:26:24.650+0200][gc,heap,exit]  Metaspace       used 49073K, committed 50048K, reserved 1114112K
[2025-10-21T17:26:24.650+0200][gc,heap,exit]   class space    used 5820K, committed 6272K, reserved 1048576K
