[2025-09-26T11:59:50.145+0200][gc] Using G1
[2025-09-26T11:59:50.152+0200][gc,init] Version: 17.0.16+8-Ubuntu-0ubuntu124.04.1 (release)
[2025-09-26T11:59:50.153+0200][gc,init] CPUs: 12 total, 12 available
[2025-09-26T11:59:50.153+0200][gc,init] Memory: 15666M
[2025-09-26T11:59:50.153+0200][gc,init] Large Page Support: Disabled
[2025-09-26T11:59:50.153+0200][gc,init] NUMA Support: Disabled
[2025-09-26T11:59:50.153+0200][gc,init] Compressed Oops: Enabled (32-bit)
[2025-09-26T11:59:50.153+0200][gc,init] Heap Region Size: 1M
[2025-09-26T11:59:50.153+0200][gc,init] Heap Min Capacity: 1G
[2025-09-26T11:59:50.153+0200][gc,init] Heap Initial Capacity: 1G
[2025-09-26T11:59:50.153+0200][gc,init] Heap Max Capacity: 1G
[2025-09-26T11:59:50.153+0200][gc,init] Pre-touch: Disabled
[2025-09-26T11:59:50.153+0200][gc,init] Parallel Workers: 10
[2025-09-26T11:59:50.153+0200][gc,init] Concurrent Workers: 3
[2025-09-26T11:59:50.153+0200][gc,init] Concurrent Refinement Workers: 10
[2025-09-26T11:59:50.153+0200][gc,init] Periodic GC: Disabled
[2025-09-26T11:59:50.157+0200][gc,metaspace] CDS archive(s) mapped at: [0x00007303af000000-0x00007303afbca000-0x00007303afbca000), size 12361728, SharedBaseAddress: 0x00007303af000000, ArchiveRelocationMode: 1.
[2025-09-26T11:59:50.157+0200][gc,metaspace] Compressed class space mapped at: 0x00007303b0000000-0x00007303f0000000, reserved size: 1073741824
[2025-09-26T11:59:50.157+0200][gc,metaspace] Narrow klass base: 0x00007303af000000, Narrow klass shift: 0, Narrow klass range: 0x100000000
[2025-09-26T11:59:50.600+0200][gc,start    ] GC(0) Pause Young (Normal) (G1 Evacuation Pause)
[2025-09-26T11:59:50.601+0200][gc,task     ] GC(0) Using 10 workers of 10 for evacuation
[2025-09-26T11:59:50.604+0200][gc,phases   ] GC(0)   Pre Evacuate Collection Set: 0,1ms
[2025-09-26T11:59:50.604+0200][gc,phases   ] GC(0)   Merge Heap Roots: 0,1ms
[2025-09-26T11:59:50.604+0200][gc,phases   ] GC(0)   Evacuate Collection Set: 2,4ms
[2025-09-26T11:59:50.604+0200][gc,phases   ] GC(0)   Post Evacuate Collection Set: 0,7ms
[2025-09-26T11:59:50.604+0200][gc,phases   ] GC(0)   Other: 0,7ms
[2025-09-26T11:59:50.604+0200][gc,heap     ] GC(0) Eden regions: 51->0(44)
[2025-09-26T11:59:50.604+0200][gc,heap     ] GC(0) Survivor regions: 0->7(7)
[2025-09-26T11:59:50.604+0200][gc,heap     ] GC(0) Old regions: 0->2
[2025-09-26T11:59:50.604+0200][gc,heap     ] GC(0) Archive regions: 2->2
[2025-09-26T11:59:50.604+0200][gc,heap     ] GC(0) Humongous regions: 0->0
[2025-09-26T11:59:50.604+0200][gc,metaspace] GC(0) Metaspace: 16518K(16704K)->16518K(16704K) NonClass: 14588K(14656K)->14588K(14656K) Class: 1930K(2048K)->1930K(2048K)
[2025-09-26T11:59:50.604+0200][gc          ] GC(0) Pause Young (Normal) (G1 Evacuation Pause) 51M->9M(1024M) 4,127ms
[2025-09-26T11:59:50.604+0200][gc,cpu      ] GC(0) User=0,02s Sys=0,00s Real=0,01s
[2025-09-26T11:59:50.722+0200][gc,start    ] GC(1) Pause Young (Concurrent Start) (Metadata GC Threshold)
[2025-09-26T11:59:50.722+0200][gc,task     ] GC(1) Using 10 workers of 10 for evacuation
[2025-09-26T11:59:50.724+0200][gc,phases   ] GC(1)   Pre Evacuate Collection Set: 0,3ms
[2025-09-26T11:59:50.724+0200][gc,phases   ] GC(1)   Merge Heap Roots: 0,2ms
[2025-09-26T11:59:50.724+0200][gc,phases   ] GC(1)   Evacuate Collection Set: 1,7ms
[2025-09-26T11:59:50.724+0200][gc,phases   ] GC(1)   Post Evacuate Collection Set: 0,4ms
[2025-09-26T11:59:50.724+0200][gc,phases   ] GC(1)   Other: 0,2ms
[2025-09-26T11:59:50.724+0200][gc,heap     ] GC(1) Eden regions: 15->0(49)
[2025-09-26T11:59:50.724+0200][gc,heap     ] GC(1) Survivor regions: 7->2(7)
[2025-09-26T11:59:50.724+0200][gc,heap     ] GC(1) Old regions: 2->9
[2025-09-26T11:59:50.724+0200][gc,heap     ] GC(1) Archive regions: 2->2
[2025-09-26T11:59:50.724+0200][gc,heap     ] GC(1) Humongous regions: 0->0
[2025-09-26T11:59:50.724+0200][gc,metaspace] GC(1) Metaspace: 21201K(21504K)->21201K(21504K) NonClass: 18560K(18688K)->18560K(18688K) Class: 2640K(2816K)->2640K(2816K)
[2025-09-26T11:59:50.724+0200][gc          ] GC(1) Pause Young (Concurrent Start) (Metadata GC Threshold) 23M->10M(1024M) 2,767ms
[2025-09-26T11:59:50.724+0200][gc,cpu      ] GC(1) User=0,02s Sys=0,00s Real=0,01s
[2025-09-26T11:59:50.725+0200][gc          ] GC(2) Concurrent Mark Cycle
[2025-09-26T11:59:50.725+0200][gc,marking  ] GC(2) Concurrent Clear Claimed Marks
[2025-09-26T11:59:50.725+0200][gc,marking  ] GC(2) Concurrent Clear Claimed Marks 0,014ms
[2025-09-26T11:59:50.725+0200][gc,marking  ] GC(2) Concurrent Scan Root Regions
[2025-09-26T11:59:50.726+0200][gc,marking  ] GC(2) Concurrent Scan Root Regions 1,397ms
[2025-09-26T11:59:50.726+0200][gc,marking  ] GC(2) Concurrent Mark
[2025-09-26T11:59:50.726+0200][gc,marking  ] GC(2) Concurrent Mark From Roots
[2025-09-26T11:59:50.726+0200][gc,task     ] GC(2) Using 3 workers of 3 for marking
[2025-09-26T11:59:50.727+0200][gc,marking  ] GC(2) Concurrent Mark From Roots 1,386ms
[2025-09-26T11:59:50.727+0200][gc,marking  ] GC(2) Concurrent Preclean
[2025-09-26T11:59:50.727+0200][gc,marking  ] GC(2) Concurrent Preclean 0,038ms
[2025-09-26T11:59:50.728+0200][gc,start    ] GC(2) Pause Remark
[2025-09-26T11:59:50.729+0200][gc          ] GC(2) Pause Remark 10M->10M(1024M) 1,203ms
[2025-09-26T11:59:50.729+0200][gc,cpu      ] GC(2) User=0,01s Sys=0,00s Real=0,00s
[2025-09-26T11:59:50.729+0200][gc,marking  ] GC(2) Concurrent Mark 2,813ms
[2025-09-26T11:59:50.729+0200][gc,marking  ] GC(2) Concurrent Rebuild Remembered Sets
[2025-09-26T11:59:50.730+0200][gc,marking  ] GC(2) Concurrent Rebuild Remembered Sets 1,253ms
[2025-09-26T11:59:50.730+0200][gc,start    ] GC(2) Pause Cleanup
[2025-09-26T11:59:50.730+0200][gc          ] GC(2) Pause Cleanup 10M->10M(1024M) 0,141ms
[2025-09-26T11:59:50.730+0200][gc,cpu      ] GC(2) User=0,00s Sys=0,00s Real=0,00s
[2025-09-26T11:59:50.730+0200][gc,marking  ] GC(2) Concurrent Cleanup for Next Mark
[2025-09-26T11:59:50.733+0200][gc,marking  ] GC(2) Concurrent Cleanup for Next Mark 2,542ms
[2025-09-26T11:59:50.733+0200][gc          ] GC(2) Concurrent Mark Cycle 8,404ms
[2025-09-26T11:59:51.126+0200][gc,start    ] GC(3) Pause Young (Normal) (G1 Evacuation Pause)
[2025-09-26T11:59:51.126+0200][gc,task     ] GC(3) Using 10 workers of 10 for evacuation
[2025-09-26T11:59:51.129+0200][gc,phases   ] GC(3)   Pre Evacuate Collection Set: 0,1ms
[2025-09-26T11:59:51.129+0200][gc,phases   ] GC(3)   Merge Heap Roots: 0,2ms
[2025-09-26T11:59:51.129+0200][gc,phases   ] GC(3)   Evacuate Collection Set: 1,7ms
[2025-09-26T11:59:51.129+0200][gc,phases   ] GC(3)   Post Evacuate Collection Set: 0,7ms
[2025-09-26T11:59:51.129+0200][gc,phases   ] GC(3)   Other: 0,1ms
[2025-09-26T11:59:51.129+0200][gc,heap     ] GC(3) Eden regions: 49->0(45)
[2025-09-26T11:59:51.129+0200][gc,heap     ] GC(3) Survivor regions: 2->6(7)
[2025-09-26T11:59:51.129+0200][gc,heap     ] GC(3) Old regions: 9->9
[2025-09-26T11:59:51.129+0200][gc,heap     ] GC(3) Archive regions: 2->2
[2025-09-26T11:59:51.129+0200][gc,heap     ] GC(3) Humongous regions: 9->9
[2025-09-26T11:59:51.129+0200][gc,metaspace] GC(3) Metaspace: 33603K(33984K)->33603K(33984K) NonClass: 29691K(29888K)->29691K(29888K) Class: 3911K(4096K)->3911K(4096K)
[2025-09-26T11:59:51.129+0200][gc          ] GC(3) Pause Young (Normal) (G1 Evacuation Pause) 68M->23M(1024M) 2,801ms
[2025-09-26T11:59:51.129+0200][gc,cpu      ] GC(3) User=0,02s Sys=0,00s Real=0,00s
[2025-09-26T11:59:51.174+0200][gc,start    ] GC(4) Pause Young (Concurrent Start) (Metadata GC Threshold)
[2025-09-26T11:59:51.174+0200][gc,task     ] GC(4) Using 10 workers of 10 for evacuation
[2025-09-26T11:59:51.177+0200][gc,phases   ] GC(4)   Pre Evacuate Collection Set: 0,1ms
[2025-09-26T11:59:51.177+0200][gc,phases   ] GC(4)   Merge Heap Roots: 0,0ms
[2025-09-26T11:59:51.177+0200][gc,phases   ] GC(4)   Evacuate Collection Set: 2,1ms
[2025-09-26T11:59:51.177+0200][gc,phases   ] GC(4)   Post Evacuate Collection Set: 0,3ms
[2025-09-26T11:59:51.177+0200][gc,phases   ] GC(4)   Other: 0,1ms
[2025-09-26T11:59:51.177+0200][gc,heap     ] GC(4) Eden regions: 11->0(49)
[2025-09-26T11:59:51.177+0200][gc,heap     ] GC(4) Survivor regions: 6->2(7)
[2025-09-26T11:59:51.177+0200][gc,heap     ] GC(4) Old regions: 9->14
[2025-09-26T11:59:51.177+0200][gc,heap     ] GC(4) Archive regions: 2->2
[2025-09-26T11:59:51.177+0200][gc,heap     ] GC(4) Humongous regions: 9->9
[2025-09-26T11:59:51.177+0200][gc,metaspace] GC(4) Metaspace: 35592K(36096K)->35592K(36096K) NonClass: 31435K(31680K)->31435K(31680K) Class: 4156K(4416K)->4156K(4416K)
[2025-09-26T11:59:51.177+0200][gc          ] GC(4) Pause Young (Concurrent Start) (Metadata GC Threshold) 34M->24M(1024M) 2,783ms
[2025-09-26T11:59:51.177+0200][gc,cpu      ] GC(4) User=0,02s Sys=0,01s Real=0,00s
[2025-09-26T11:59:51.177+0200][gc          ] GC(5) Concurrent Mark Cycle
[2025-09-26T11:59:51.177+0200][gc,marking  ] GC(5) Concurrent Clear Claimed Marks
[2025-09-26T11:59:51.177+0200][gc,marking  ] GC(5) Concurrent Clear Claimed Marks 0,028ms
[2025-09-26T11:59:51.177+0200][gc,marking  ] GC(5) Concurrent Scan Root Regions
[2025-09-26T11:59:51.178+0200][gc,marking  ] GC(5) Concurrent Scan Root Regions 1,451ms
[2025-09-26T11:59:51.178+0200][gc,marking  ] GC(5) Concurrent Mark
[2025-09-26T11:59:51.178+0200][gc,marking  ] GC(5) Concurrent Mark From Roots
[2025-09-26T11:59:51.178+0200][gc,task     ] GC(5) Using 3 workers of 3 for marking
[2025-09-26T11:59:51.182+0200][gc,marking  ] GC(5) Concurrent Mark From Roots 3,658ms
[2025-09-26T11:59:51.182+0200][gc,marking  ] GC(5) Concurrent Preclean
[2025-09-26T11:59:51.182+0200][gc,marking  ] GC(5) Concurrent Preclean 0,129ms
[2025-09-26T11:59:51.182+0200][gc,start    ] GC(5) Pause Remark
[2025-09-26T11:59:51.183+0200][gc          ] GC(5) Pause Remark 25M->25M(1024M) 1,090ms
[2025-09-26T11:59:51.183+0200][gc,cpu      ] GC(5) User=0,01s Sys=0,00s Real=0,01s
[2025-09-26T11:59:51.183+0200][gc,marking  ] GC(5) Concurrent Mark 5,128ms
[2025-09-26T11:59:51.183+0200][gc,marking  ] GC(5) Concurrent Rebuild Remembered Sets
[2025-09-26T11:59:51.186+0200][gc,marking  ] GC(5) Concurrent Rebuild Remembered Sets 2,845ms
[2025-09-26T11:59:51.187+0200][gc,start    ] GC(5) Pause Cleanup
[2025-09-26T11:59:51.187+0200][gc          ] GC(5) Pause Cleanup 25M->25M(1024M) 0,144ms
[2025-09-26T11:59:51.187+0200][gc,cpu      ] GC(5) User=0,00s Sys=0,00s Real=0,00s
[2025-09-26T11:59:51.187+0200][gc,marking  ] GC(5) Concurrent Cleanup for Next Mark
[2025-09-26T11:59:51.189+0200][gc,marking  ] GC(5) Concurrent Cleanup for Next Mark 2,636ms
[2025-09-26T11:59:51.189+0200][gc          ] GC(5) Concurrent Mark Cycle 12,570ms
[2025-09-26T11:59:51.541+0200][gc,start    ] GC(6) Pause Young (Normal) (G1 Evacuation Pause)
[2025-09-26T11:59:51.541+0200][gc,task     ] GC(6) Using 10 workers of 10 for evacuation
[2025-09-26T11:59:51.544+0200][gc,phases   ] GC(6)   Pre Evacuate Collection Set: 0,2ms
[2025-09-26T11:59:51.544+0200][gc,phases   ] GC(6)   Merge Heap Roots: 0,2ms
[2025-09-26T11:59:51.544+0200][gc,phases   ] GC(6)   Evacuate Collection Set: 1,9ms
[2025-09-26T11:59:51.544+0200][gc,phases   ] GC(6)   Post Evacuate Collection Set: 0,4ms
[2025-09-26T11:59:51.544+0200][gc,phases   ] GC(6)   Other: 0,1ms
[2025-09-26T11:59:51.544+0200][gc,heap     ] GC(6) Eden regions: 49->0(44)
[2025-09-26T11:59:51.544+0200][gc,heap     ] GC(6) Survivor regions: 2->7(7)
[2025-09-26T11:59:51.544+0200][gc,heap     ] GC(6) Old regions: 14->16
[2025-09-26T11:59:51.544+0200][gc,heap     ] GC(6) Archive regions: 2->2
[2025-09-26T11:59:51.544+0200][gc,heap     ] GC(6) Humongous regions: 138->138
[2025-09-26T11:59:51.544+0200][gc,metaspace] GC(6) Metaspace: 43310K(44032K)->43310K(44032K) NonClass: 38146K(38528K)->38146K(38528K) Class: 5164K(5504K)->5164K(5504K)
[2025-09-26T11:59:51.544+0200][gc          ] GC(6) Pause Young (Normal) (G1 Evacuation Pause) 202M->161M(1024M) 3,008ms
[2025-09-26T11:59:51.544+0200][gc,cpu      ] GC(6) User=0,02s Sys=0,00s Real=0,01s
[2025-09-26T12:02:01.299+0200][gc,start    ] GC(7) Pause Young (Normal) (G1 Evacuation Pause)
[2025-09-26T12:02:01.299+0200][gc,task     ] GC(7) Using 10 workers of 10 for evacuation
[2025-09-26T12:02:01.307+0200][gc,phases   ] GC(7)   Pre Evacuate Collection Set: 0,2ms
[2025-09-26T12:02:01.307+0200][gc,phases   ] GC(7)   Merge Heap Roots: 0,2ms
[2025-09-26T12:02:01.307+0200][gc,phases   ] GC(7)   Evacuate Collection Set: 6,0ms
[2025-09-26T12:02:01.307+0200][gc,phases   ] GC(7)   Post Evacuate Collection Set: 1,5ms
[2025-09-26T12:02:01.307+0200][gc,phases   ] GC(7)   Other: 0,2ms
[2025-09-26T12:02:01.307+0200][gc,heap     ] GC(7) Eden regions: 44->0(48)
[2025-09-26T12:02:01.307+0200][gc,heap     ] GC(7) Survivor regions: 7->3(7)
[2025-09-26T12:02:01.307+0200][gc,heap     ] GC(7) Old regions: 16->23
[2025-09-26T12:02:01.307+0200][gc,heap     ] GC(7) Archive regions: 2->2
[2025-09-26T12:02:01.307+0200][gc,heap     ] GC(7) Humongous regions: 139->139
[2025-09-26T12:02:01.307+0200][gc,metaspace] GC(7) Metaspace: 47662K(48640K)->47662K(48640K) NonClass: 41949K(42496K)->41949K(42496K) Class: 5712K(6144K)->5712K(6144K)
[2025-09-26T12:02:01.307+0200][gc          ] GC(7) Pause Young (Normal) (G1 Evacuation Pause) 206M->165M(1024M) 8,089ms
[2025-09-26T12:02:01.307+0200][gc,cpu      ] GC(7) User=0,05s Sys=0,01s Real=0,01s
[2025-09-26T12:05:34.515+0200][gc,start    ] GC(8) Pause Young (Normal) (G1 Evacuation Pause)
[2025-09-26T12:05:34.515+0200][gc,task     ] GC(8) Using 10 workers of 10 for evacuation
[2025-09-26T12:05:34.518+0200][gc,phases   ] GC(8)   Pre Evacuate Collection Set: 0,2ms
[2025-09-26T12:05:34.518+0200][gc,phases   ] GC(8)   Merge Heap Roots: 0,2ms
[2025-09-26T12:05:34.518+0200][gc,phases   ] GC(8)   Evacuate Collection Set: 1,5ms
[2025-09-26T12:05:34.518+0200][gc,phases   ] GC(8)   Post Evacuate Collection Set: 0,4ms
[2025-09-26T12:05:34.518+0200][gc,phases   ] GC(8)   Other: 0,1ms
[2025-09-26T12:05:34.518+0200][gc,heap     ] GC(8) Eden regions: 48->0(47)
[2025-09-26T12:05:34.518+0200][gc,heap     ] GC(8) Survivor regions: 3->4(7)
[2025-09-26T12:05:34.518+0200][gc,heap     ] GC(8) Old regions: 23->23
[2025-09-26T12:05:34.518+0200][gc,heap     ] GC(8) Archive regions: 2->2
[2025-09-26T12:05:34.518+0200][gc,heap     ] GC(8) Humongous regions: 139->138
[2025-09-26T12:05:34.518+0200][gc,metaspace] GC(8) Metaspace: 50269K(51200K)->50269K(51200K) NonClass: 44258K(44736K)->44258K(44736K) Class: 6010K(6464K)->6010K(6464K)
[2025-09-26T12:05:34.518+0200][gc          ] GC(8) Pause Young (Normal) (G1 Evacuation Pause) 213M->164M(1024M) 2,562ms
[2025-09-26T12:05:34.518+0200][gc,cpu      ] GC(8) User=0,01s Sys=0,01s Real=0,00s
[2025-09-26T12:05:34.705+0200][gc,heap,exit] Heap
[2025-09-26T12:05:34.705+0200][gc,heap,exit]  garbage-first heap   total 1048576K, used 173061K [0x00000000c0000000, 0x0000000100000000)
[2025-09-26T12:05:34.705+0200][gc,heap,exit]   region size 1024K, 9 young (9216K), 4 survivors (4096K)
[2025-09-26T12:05:34.705+0200][gc,heap,exit]  Metaspace       used 50385K, committed 51392K, reserved 1114112K
[2025-09-26T12:05:34.705+0200][gc,heap,exit]   class space    used 6042K, committed 6528K, reserved 1048576K
