[2025-10-23T08:53:28.423+0200][gc] Using G1
[2025-10-23T08:53:28.437+0200][gc,init] Version: 17.0.16+8-Ubuntu-0ubuntu124.04.1 (release)
[2025-10-23T08:53:28.437+0200][gc,init] CPUs: 12 total, 12 available
[2025-10-23T08:53:28.437+0200][gc,init] Memory: 15666M
[2025-10-23T08:53:28.437+0200][gc,init] Large Page Support: Disabled
[2025-10-23T08:53:28.437+0200][gc,init] NUMA Support: Disabled
[2025-10-23T08:53:28.437+0200][gc,init] Compressed Oops: Enabled (32-bit)
[2025-10-23T08:53:28.437+0200][gc,init] Heap Region Size: 1M
[2025-10-23T08:53:28.437+0200][gc,init] Heap Min Capacity: 1G
[2025-10-23T08:53:28.437+0200][gc,init] Heap Initial Capacity: 1G
[2025-10-23T08:53:28.437+0200][gc,init] Heap Max Capacity: 1G
[2025-10-23T08:53:28.437+0200][gc,init] Pre-touch: Disabled
[2025-10-23T08:53:28.437+0200][gc,init] Parallel Workers: 10
[2025-10-23T08:53:28.437+0200][gc,init] Concurrent Workers: 3
[2025-10-23T08:53:28.437+0200][gc,init] Concurrent Refinement Workers: 10
[2025-10-23T08:53:28.437+0200][gc,init] Periodic GC: Disabled
[2025-10-23T08:53:28.449+0200][gc,metaspace] CDS archive(s) mapped at: [0x00007cf8af000000-0x00007cf8afbca000-0x00007cf8afbca000), size 12361728, SharedBaseAddress: 0x00007cf8af000000, ArchiveRelocationMode: 1.
[2025-10-23T08:53:28.449+0200][gc,metaspace] Compressed class space mapped at: 0x00007cf8b0000000-0x00007cf8f0000000, reserved size: 1073741824
[2025-10-23T08:53:28.449+0200][gc,metaspace] Narrow klass base: 0x00007cf8af000000, Narrow klass shift: 0, Narrow klass range: 0x100000000
[2025-10-23T08:53:29.815+0200][gc,start    ] GC(0) Pause Young (Normal) (G1 Evacuation Pause)
[2025-10-23T08:53:29.816+0200][gc,task     ] GC(0) Using 10 workers of 10 for evacuation
[2025-10-23T08:53:29.822+0200][gc,phases   ] GC(0)   Pre Evacuate Collection Set: 0,2ms
[2025-10-23T08:53:29.822+0200][gc,phases   ] GC(0)   Merge Heap Roots: 0,1ms
[2025-10-23T08:53:29.822+0200][gc,phases   ] GC(0)   Evacuate Collection Set: 4,1ms
[2025-10-23T08:53:29.822+0200][gc,phases   ] GC(0)   Post Evacuate Collection Set: 0,7ms
[2025-10-23T08:53:29.822+0200][gc,phases   ] GC(0)   Other: 1,5ms
[2025-10-23T08:53:29.822+0200][gc,heap     ] GC(0) Eden regions: 51->0(44)
[2025-10-23T08:53:29.822+0200][gc,heap     ] GC(0) Survivor regions: 0->7(7)
[2025-10-23T08:53:29.822+0200][gc,heap     ] GC(0) Old regions: 0->2
[2025-10-23T08:53:29.822+0200][gc,heap     ] GC(0) Archive regions: 2->2
[2025-10-23T08:53:29.822+0200][gc,heap     ] GC(0) Humongous regions: 0->0
[2025-10-23T08:53:29.822+0200][gc,metaspace] GC(0) Metaspace: 16576K(16832K)->16576K(16832K) NonClass: 14642K(14784K)->14642K(14784K) Class: 1934K(2048K)->1934K(2048K)
[2025-10-23T08:53:29.822+0200][gc          ] GC(0) Pause Young (Normal) (G1 Evacuation Pause) 51M->9M(1024M) 6,673ms
[2025-10-23T08:53:29.822+0200][gc,cpu      ] GC(0) User=0,05s Sys=0,01s Real=0,01s
[2025-10-23T08:53:30.152+0200][gc,start    ] GC(1) Pause Young (Concurrent Start) (Metadata GC Threshold)
[2025-10-23T08:53:30.152+0200][gc,task     ] GC(1) Using 10 workers of 10 for evacuation
[2025-10-23T08:53:30.157+0200][gc,phases   ] GC(1)   Pre Evacuate Collection Set: 0,2ms
[2025-10-23T08:53:30.157+0200][gc,phases   ] GC(1)   Merge Heap Roots: 0,1ms
[2025-10-23T08:53:30.157+0200][gc,phases   ] GC(1)   Evacuate Collection Set: 3,4ms
[2025-10-23T08:53:30.157+0200][gc,phases   ] GC(1)   Post Evacuate Collection Set: 1,0ms
[2025-10-23T08:53:30.157+0200][gc,phases   ] GC(1)   Other: 0,3ms
[2025-10-23T08:53:30.157+0200][gc,heap     ] GC(1) Eden regions: 15->0(49)
[2025-10-23T08:53:30.157+0200][gc,heap     ] GC(1) Survivor regions: 7->2(7)
[2025-10-23T08:53:30.157+0200][gc,heap     ] GC(1) Old regions: 2->9
[2025-10-23T08:53:30.157+0200][gc,heap     ] GC(1) Archive regions: 2->2
[2025-10-23T08:53:30.157+0200][gc,heap     ] GC(1) Humongous regions: 0->0
[2025-10-23T08:53:30.157+0200][gc,metaspace] GC(1) Metaspace: 21243K(21504K)->21243K(21504K) NonClass: 18599K(18688K)->18599K(18688K) Class: 2644K(2816K)->2644K(2816K)
[2025-10-23T08:53:30.157+0200][gc          ] GC(1) Pause Young (Concurrent Start) (Metadata GC Threshold) 24M->10M(1024M) 5,189ms
[2025-10-23T08:53:30.157+0200][gc,cpu      ] GC(1) User=0,03s Sys=0,01s Real=0,01s
[2025-10-23T08:53:30.158+0200][gc          ] GC(2) Concurrent Mark Cycle
[2025-10-23T08:53:30.158+0200][gc,marking  ] GC(2) Concurrent Clear Claimed Marks
[2025-10-23T08:53:30.158+0200][gc,marking  ] GC(2) Concurrent Clear Claimed Marks 0,034ms
[2025-10-23T08:53:30.158+0200][gc,marking  ] GC(2) Concurrent Scan Root Regions
[2025-10-23T08:53:30.161+0200][gc,marking  ] GC(2) Concurrent Scan Root Regions 3,264ms
[2025-10-23T08:53:30.161+0200][gc,marking  ] GC(2) Concurrent Mark
[2025-10-23T08:53:30.161+0200][gc,marking  ] GC(2) Concurrent Mark From Roots
[2025-10-23T08:53:30.161+0200][gc,task     ] GC(2) Using 3 workers of 3 for marking
[2025-10-23T08:53:30.164+0200][gc,marking  ] GC(2) Concurrent Mark From Roots 3,416ms
[2025-10-23T08:53:30.164+0200][gc,marking  ] GC(2) Concurrent Preclean
[2025-10-23T08:53:30.165+0200][gc,marking  ] GC(2) Concurrent Preclean 0,192ms
[2025-10-23T08:53:30.165+0200][gc,start    ] GC(2) Pause Remark
[2025-10-23T08:53:30.168+0200][gc          ] GC(2) Pause Remark 10M->10M(1024M) 2,985ms
[2025-10-23T08:53:30.168+0200][gc,cpu      ] GC(2) User=0,01s Sys=0,00s Real=0,01s
[2025-10-23T08:53:30.168+0200][gc,marking  ] GC(2) Concurrent Mark 7,217ms
[2025-10-23T08:53:30.168+0200][gc,marking  ] GC(2) Concurrent Rebuild Remembered Sets
[2025-10-23T08:53:30.172+0200][gc,marking  ] GC(2) Concurrent Rebuild Remembered Sets 3,915ms
[2025-10-23T08:53:30.172+0200][gc,start    ] GC(2) Pause Cleanup
[2025-10-23T08:53:30.173+0200][gc          ] GC(2) Pause Cleanup 10M->10M(1024M) 0,327ms
[2025-10-23T08:53:30.173+0200][gc,cpu      ] GC(2) User=0,00s Sys=0,00s Real=0,00s
[2025-10-23T08:53:30.173+0200][gc,marking  ] GC(2) Concurrent Cleanup for Next Mark
[2025-10-23T08:53:30.180+0200][gc,marking  ] GC(2) Concurrent Cleanup for Next Mark 6,653ms
[2025-10-23T08:53:30.180+0200][gc          ] GC(2) Concurrent Mark Cycle 22,163ms
[2025-10-23T08:53:31.312+0200][gc,start    ] GC(3) Pause Young (Normal) (G1 Evacuation Pause)
[2025-10-23T08:53:31.312+0200][gc,task     ] GC(3) Using 10 workers of 10 for evacuation
[2025-10-23T08:53:31.316+0200][gc,phases   ] GC(3)   Pre Evacuate Collection Set: 0,2ms
[2025-10-23T08:53:31.316+0200][gc,phases   ] GC(3)   Merge Heap Roots: 0,1ms
[2025-10-23T08:53:31.316+0200][gc,phases   ] GC(3)   Evacuate Collection Set: 2,8ms
[2025-10-23T08:53:31.316+0200][gc,phases   ] GC(3)   Post Evacuate Collection Set: 0,6ms
[2025-10-23T08:53:31.316+0200][gc,phases   ] GC(3)   Other: 0,1ms
[2025-10-23T08:53:31.316+0200][gc,heap     ] GC(3) Eden regions: 49->0(45)
[2025-10-23T08:53:31.316+0200][gc,heap     ] GC(3) Survivor regions: 2->6(7)
[2025-10-23T08:53:31.316+0200][gc,heap     ] GC(3) Old regions: 9->9
[2025-10-23T08:53:31.316+0200][gc,heap     ] GC(3) Archive regions: 2->2
[2025-10-23T08:53:31.316+0200][gc,heap     ] GC(3) Humongous regions: 0->0
[2025-10-23T08:53:31.316+0200][gc,metaspace] GC(3) Metaspace: 32710K(33088K)->32710K(33088K) NonClass: 28896K(29056K)->28896K(29056K) Class: 3813K(4032K)->3813K(4032K)
[2025-10-23T08:53:31.316+0200][gc          ] GC(3) Pause Young (Normal) (G1 Evacuation Pause) 59M->14M(1024M) 3,960ms
[2025-10-23T08:53:31.316+0200][gc,cpu      ] GC(3) User=0,02s Sys=0,00s Real=0,01s
[2025-10-23T08:53:31.670+0200][gc,start    ] GC(4) Pause Young (Concurrent Start) (Metadata GC Threshold)
[2025-10-23T08:53:31.670+0200][gc,task     ] GC(4) Using 10 workers of 10 for evacuation
[2025-10-23T08:53:31.678+0200][gc,phases   ] GC(4)   Pre Evacuate Collection Set: 0,3ms
[2025-10-23T08:53:31.678+0200][gc,phases   ] GC(4)   Merge Heap Roots: 0,2ms
[2025-10-23T08:53:31.678+0200][gc,phases   ] GC(4)   Evacuate Collection Set: 5,9ms
[2025-10-23T08:53:31.678+0200][gc,phases   ] GC(4)   Post Evacuate Collection Set: 1,4ms
[2025-10-23T08:53:31.678+0200][gc,phases   ] GC(4)   Other: 0,4ms
[2025-10-23T08:53:31.678+0200][gc,heap     ] GC(4) Eden regions: 15->0(49)
[2025-10-23T08:53:31.678+0200][gc,heap     ] GC(4) Survivor regions: 6->2(7)
[2025-10-23T08:53:31.678+0200][gc,heap     ] GC(4) Old regions: 9->14
[2025-10-23T08:53:31.678+0200][gc,heap     ] GC(4) Archive regions: 2->2
[2025-10-23T08:53:31.678+0200][gc,heap     ] GC(4) Humongous regions: 9->9
[2025-10-23T08:53:31.678+0200][gc,metaspace] GC(4) Metaspace: 35639K(36096K)->35639K(36096K) NonClass: 31466K(31680K)->31466K(31680K) Class: 4173K(4416K)->4173K(4416K)
[2025-10-23T08:53:31.678+0200][gc          ] GC(4) Pause Young (Concurrent Start) (Metadata GC Threshold) 38M->24M(1024M) 8,350ms
[2025-10-23T08:53:31.678+0200][gc,cpu      ] GC(4) User=0,07s Sys=0,00s Real=0,01s
[2025-10-23T08:53:31.678+0200][gc          ] GC(5) Concurrent Mark Cycle
[2025-10-23T08:53:31.678+0200][gc,marking  ] GC(5) Concurrent Clear Claimed Marks
[2025-10-23T08:53:31.679+0200][gc,marking  ] GC(5) Concurrent Clear Claimed Marks 0,089ms
[2025-10-23T08:53:31.679+0200][gc,marking  ] GC(5) Concurrent Scan Root Regions
[2025-10-23T08:53:31.683+0200][gc,marking  ] GC(5) Concurrent Scan Root Regions 4,364ms
[2025-10-23T08:53:31.683+0200][gc,marking  ] GC(5) Concurrent Mark
[2025-10-23T08:53:31.683+0200][gc,marking  ] GC(5) Concurrent Mark From Roots
[2025-10-23T08:53:31.683+0200][gc,task     ] GC(5) Using 3 workers of 3 for marking
[2025-10-23T08:53:31.693+0200][gc,marking  ] GC(5) Concurrent Mark From Roots 9,985ms
[2025-10-23T08:53:31.693+0200][gc,marking  ] GC(5) Concurrent Preclean
[2025-10-23T08:53:31.693+0200][gc,marking  ] GC(5) Concurrent Preclean 0,308ms
[2025-10-23T08:53:31.694+0200][gc,start    ] GC(5) Pause Remark
[2025-10-23T08:53:31.697+0200][gc          ] GC(5) Pause Remark 25M->25M(1024M) 3,167ms
[2025-10-23T08:53:31.697+0200][gc,cpu      ] GC(5) User=0,02s Sys=0,00s Real=0,01s
[2025-10-23T08:53:31.697+0200][gc,marking  ] GC(5) Concurrent Mark 14,068ms
[2025-10-23T08:53:31.697+0200][gc,marking  ] GC(5) Concurrent Rebuild Remembered Sets
[2025-10-23T08:53:31.704+0200][gc,marking  ] GC(5) Concurrent Rebuild Remembered Sets 7,104ms
[2025-10-23T08:53:31.705+0200][gc,start    ] GC(5) Pause Cleanup
[2025-10-23T08:53:31.705+0200][gc          ] GC(5) Pause Cleanup 25M->25M(1024M) 0,344ms
[2025-10-23T08:53:31.705+0200][gc,cpu      ] GC(5) User=0,00s Sys=0,00s Real=0,00s
[2025-10-23T08:53:31.705+0200][gc,marking  ] GC(5) Concurrent Cleanup for Next Mark
[2025-10-23T08:53:31.712+0200][gc,marking  ] GC(5) Concurrent Cleanup for Next Mark 7,032ms
[2025-10-23T08:53:31.712+0200][gc          ] GC(5) Concurrent Mark Cycle 33,829ms
[2025-10-23T08:53:32.423+0200][gc,start    ] GC(6) Pause Young (Normal) (G1 Evacuation Pause)
[2025-10-23T08:53:32.423+0200][gc,task     ] GC(6) Using 10 workers of 10 for evacuation
[2025-10-23T08:53:32.431+0200][gc,phases   ] GC(6)   Pre Evacuate Collection Set: 0,3ms
[2025-10-23T08:53:32.431+0200][gc,phases   ] GC(6)   Merge Heap Roots: 0,1ms
[2025-10-23T08:53:32.431+0200][gc,phases   ] GC(6)   Evacuate Collection Set: 5,0ms
[2025-10-23T08:53:32.431+0200][gc,phases   ] GC(6)   Post Evacuate Collection Set: 1,7ms
[2025-10-23T08:53:32.431+0200][gc,phases   ] GC(6)   Other: 0,4ms
[2025-10-23T08:53:32.431+0200][gc,heap     ] GC(6) Eden regions: 49->0(44)
[2025-10-23T08:53:32.431+0200][gc,heap     ] GC(6) Survivor regions: 2->7(7)
[2025-10-23T08:53:32.431+0200][gc,heap     ] GC(6) Old regions: 14->15
[2025-10-23T08:53:32.431+0200][gc,heap     ] GC(6) Archive regions: 2->2
[2025-10-23T08:53:32.431+0200][gc,heap     ] GC(6) Humongous regions: 9->9
[2025-10-23T08:53:32.431+0200][gc,metaspace] GC(6) Metaspace: 43313K(44096K)->43313K(44096K) NonClass: 38183K(38592K)->38183K(38592K) Class: 5130K(5504K)->5130K(5504K)
[2025-10-23T08:53:32.431+0200][gc          ] GC(6) Pause Young (Normal) (G1 Evacuation Pause) 73M->31M(1024M) 7,621ms
[2025-10-23T08:53:32.431+0200][gc,cpu      ] GC(6) User=0,06s Sys=0,01s Real=0,01s
[2025-10-23T08:54:04.972+0200][gc,start    ] GC(7) Pause Young (Normal) (G1 Evacuation Pause)
[2025-10-23T08:54:04.973+0200][gc,task     ] GC(7) Using 10 workers of 10 for evacuation
[2025-10-23T08:54:04.983+0200][gc,phases   ] GC(7)   Pre Evacuate Collection Set: 0,5ms
[2025-10-23T08:54:04.983+0200][gc,phases   ] GC(7)   Merge Heap Roots: 0,4ms
[2025-10-23T08:54:04.983+0200][gc,phases   ] GC(7)   Evacuate Collection Set: 7,2ms
[2025-10-23T08:54:04.983+0200][gc,phases   ] GC(7)   Post Evacuate Collection Set: 2,0ms
[2025-10-23T08:54:04.983+0200][gc,phases   ] GC(7)   Other: 0,4ms
[2025-10-23T08:54:04.983+0200][gc,heap     ] GC(7) Eden regions: 44->0(47)
[2025-10-23T08:54:04.983+0200][gc,heap     ] GC(7) Survivor regions: 7->4(7)
[2025-10-23T08:54:04.983+0200][gc,heap     ] GC(7) Old regions: 15->22
[2025-10-23T08:54:04.983+0200][gc,heap     ] GC(7) Archive regions: 2->2
[2025-10-23T08:54:04.983+0200][gc,heap     ] GC(7) Humongous regions: 150->138
[2025-10-23T08:54:04.983+0200][gc,metaspace] GC(7) Metaspace: 47064K(48000K)->47064K(48000K) NonClass: 41472K(41984K)->41472K(41984K) Class: 5592K(6016K)->5592K(6016K)
[2025-10-23T08:54:04.983+0200][gc          ] GC(7) Pause Young (Normal) (G1 Evacuation Pause) 216M->163M(1024M) 10,749ms
[2025-10-23T08:54:04.983+0200][gc,cpu      ] GC(7) User=0,06s Sys=0,02s Real=0,01s
[2025-10-23T08:57:21.409+0200][gc,start    ] GC(8) Pause Young (Normal) (G1 Evacuation Pause)
[2025-10-23T08:57:21.409+0200][gc,task     ] GC(8) Using 10 workers of 10 for evacuation
[2025-10-23T08:57:21.417+0200][gc,phases   ] GC(8)   Pre Evacuate Collection Set: 0,4ms
[2025-10-23T08:57:21.417+0200][gc,phases   ] GC(8)   Merge Heap Roots: 0,3ms
[2025-10-23T08:57:21.417+0200][gc,phases   ] GC(8)   Evacuate Collection Set: 4,1ms
[2025-10-23T08:57:21.417+0200][gc,phases   ] GC(8)   Post Evacuate Collection Set: 2,4ms
[2025-10-23T08:57:21.417+0200][gc,phases   ] GC(8)   Other: 0,3ms
[2025-10-23T08:57:21.417+0200][gc,heap     ] GC(8) Eden regions: 47->0(45)
[2025-10-23T08:57:21.417+0200][gc,heap     ] GC(8) Survivor regions: 4->6(7)
[2025-10-23T08:57:21.417+0200][gc,heap     ] GC(8) Old regions: 22->22
[2025-10-23T08:57:21.417+0200][gc,heap     ] GC(8) Archive regions: 2->2
[2025-10-23T08:57:21.417+0200][gc,heap     ] GC(8) Humongous regions: 139->139
[2025-10-23T08:57:21.417+0200][gc,metaspace] GC(8) Metaspace: 49881K(50944K)->49881K(50944K) NonClass: 43987K(44544K)->43987K(44544K) Class: 5894K(6400K)->5894K(6400K)
[2025-10-23T08:57:21.417+0200][gc          ] GC(8) Pause Young (Normal) (G1 Evacuation Pause) 211M->166M(1024M) 7,749ms
[2025-10-23T08:57:21.417+0200][gc,cpu      ] GC(8) User=0,05s Sys=0,00s Real=0,01s
[2025-10-23T09:01:16.258+0200][gc,start    ] GC(9) Pause Young (Normal) (G1 Evacuation Pause)
[2025-10-23T09:01:16.259+0200][gc,task     ] GC(9) Using 10 workers of 10 for evacuation
[2025-10-23T09:01:16.267+0200][gc,phases   ] GC(9)   Pre Evacuate Collection Set: 0,4ms
[2025-10-23T09:01:16.267+0200][gc,phases   ] GC(9)   Merge Heap Roots: 0,3ms
[2025-10-23T09:01:16.267+0200][gc,phases   ] GC(9)   Evacuate Collection Set: 5,8ms
[2025-10-23T09:01:16.267+0200][gc,phases   ] GC(9)   Post Evacuate Collection Set: 1,5ms
[2025-10-23T09:01:16.267+0200][gc,phases   ] GC(9)   Other: 0,5ms
[2025-10-23T09:01:16.267+0200][gc,heap     ] GC(9) Eden regions: 45->0(46)
[2025-10-23T09:01:16.267+0200][gc,heap     ] GC(9) Survivor regions: 6->5(7)
[2025-10-23T09:01:16.267+0200][gc,heap     ] GC(9) Old regions: 22->25
[2025-10-23T09:01:16.267+0200][gc,heap     ] GC(9) Archive regions: 2->2
[2025-10-23T09:01:16.267+0200][gc,heap     ] GC(9) Humongous regions: 139->139
[2025-10-23T09:01:16.267+0200][gc,metaspace] GC(9) Metaspace: 50364K(51392K)->50364K(51392K) NonClass: 44443K(44992K)->44443K(44992K) Class: 5921K(6400K)->5921K(6400K)
[2025-10-23T09:01:16.267+0200][gc          ] GC(9) Pause Young (Normal) (G1 Evacuation Pause) 211M->168M(1024M) 8,779ms
[2025-10-23T09:01:16.267+0200][gc,cpu      ] GC(9) User=0,06s Sys=0,00s Real=0,01s
[2025-10-23T09:05:25.114+0200][gc,start    ] GC(10) Pause Young (Normal) (G1 Evacuation Pause)
[2025-10-23T09:05:25.114+0200][gc,task     ] GC(10) Using 10 workers of 10 for evacuation
[2025-10-23T09:05:25.119+0200][gc,phases   ] GC(10)   Pre Evacuate Collection Set: 0,4ms
[2025-10-23T09:05:25.119+0200][gc,phases   ] GC(10)   Merge Heap Roots: 0,2ms
[2025-10-23T09:05:25.119+0200][gc,phases   ] GC(10)   Evacuate Collection Set: 3,9ms
[2025-10-23T09:05:25.119+0200][gc,phases   ] GC(10)   Post Evacuate Collection Set: 0,9ms
[2025-10-23T09:05:25.119+0200][gc,phases   ] GC(10)   Other: 0,2ms
[2025-10-23T09:05:25.119+0200][gc,heap     ] GC(10) Eden regions: 46->0(75)
[2025-10-23T09:05:25.119+0200][gc,heap     ] GC(10) Survivor regions: 5->4(7)
[2025-10-23T09:05:25.119+0200][gc,heap     ] GC(10) Old regions: 25->26
[2025-10-23T09:05:25.119+0200][gc,heap     ] GC(10) Archive regions: 2->2
[2025-10-23T09:05:25.119+0200][gc,heap     ] GC(10) Humongous regions: 139->139
[2025-10-23T09:05:25.119+0200][gc,metaspace] GC(10) Metaspace: 50585K(51584K)->50585K(51584K) NonClass: 44650K(45184K)->44650K(45184K) Class: 5935K(6400K)->5935K(6400K)
[2025-10-23T09:05:25.119+0200][gc          ] GC(10) Pause Young (Normal) (G1 Evacuation Pause) 214M->168M(1024M) 5,789ms
[2025-10-23T09:05:25.119+0200][gc,cpu      ] GC(10) User=0,04s Sys=0,00s Real=0,01s
[2025-10-23T09:12:33.197+0200][gc,start    ] GC(11) Pause Young (Normal) (G1 Evacuation Pause)
[2025-10-23T09:12:33.197+0200][gc,task     ] GC(11) Using 10 workers of 10 for evacuation
[2025-10-23T09:12:33.204+0200][gc,phases   ] GC(11)   Pre Evacuate Collection Set: 0,4ms
[2025-10-23T09:12:33.204+0200][gc,phases   ] GC(11)   Merge Heap Roots: 0,2ms
[2025-10-23T09:12:33.204+0200][gc,phases   ] GC(11)   Evacuate Collection Set: 4,6ms
[2025-10-23T09:12:33.204+0200][gc,phases   ] GC(11)   Post Evacuate Collection Set: 1,2ms
[2025-10-23T09:12:33.204+0200][gc,phases   ] GC(11)   Other: 0,3ms
[2025-10-23T09:12:33.204+0200][gc,heap     ] GC(11) Eden regions: 75->0(153)
[2025-10-23T09:12:33.204+0200][gc,heap     ] GC(11) Survivor regions: 4->5(10)
[2025-10-23T09:12:33.204+0200][gc,heap     ] GC(11) Old regions: 26->26
[2025-10-23T09:12:33.204+0200][gc,heap     ] GC(11) Archive regions: 2->2
[2025-10-23T09:12:33.204+0200][gc,heap     ] GC(11) Humongous regions: 139->139
[2025-10-23T09:12:33.204+0200][gc,metaspace] GC(11) Metaspace: 50745K(51712K)->50745K(51712K) NonClass: 44809K(45312K)->44809K(45312K) Class: 5935K(6400K)->5935K(6400K)
[2025-10-23T09:12:33.204+0200][gc          ] GC(11) Pause Young (Normal) (G1 Evacuation Pause) 243M->170M(1024M) 6,921ms
[2025-10-23T09:12:33.204+0200][gc,cpu      ] GC(11) User=0,04s Sys=0,01s Real=0,00s
[2025-10-23T09:28:12.976+0200][gc,start    ] GC(12) Pause Young (Normal) (G1 Evacuation Pause)
[2025-10-23T09:28:12.976+0200][gc,task     ] GC(12) Using 10 workers of 10 for evacuation
[2025-10-23T09:28:12.985+0200][gc,phases   ] GC(12)   Pre Evacuate Collection Set: 0,3ms
[2025-10-23T09:28:12.985+0200][gc,phases   ] GC(12)   Merge Heap Roots: 0,4ms
[2025-10-23T09:28:12.985+0200][gc,phases   ] GC(12)   Evacuate Collection Set: 6,5ms
[2025-10-23T09:28:12.985+0200][gc,phases   ] GC(12)   Post Evacuate Collection Set: 1,3ms
[2025-10-23T09:28:12.985+0200][gc,phases   ] GC(12)   Other: 0,3ms
[2025-10-23T09:28:12.985+0200][gc,heap     ] GC(12) Eden regions: 153->0(103)
[2025-10-23T09:28:12.985+0200][gc,heap     ] GC(12) Survivor regions: 5->10(20)
[2025-10-23T09:28:12.985+0200][gc,heap     ] GC(12) Old regions: 26->26
[2025-10-23T09:28:12.985+0200][gc,heap     ] GC(12) Archive regions: 2->2
[2025-10-23T09:28:12.985+0200][gc,heap     ] GC(12) Humongous regions: 139->139
[2025-10-23T09:28:12.985+0200][gc,metaspace] GC(12) Metaspace: 51118K(52160K)->51118K(52160K) NonClass: 45153K(45696K)->45153K(45696K) Class: 5965K(6464K)->5965K(6464K)
[2025-10-23T09:28:12.985+0200][gc          ] GC(12) Pause Young (Normal) (G1 Evacuation Pause) 323M->174M(1024M) 8,986ms
[2025-10-23T09:28:12.985+0200][gc,cpu      ] GC(12) User=0,05s Sys=0,01s Real=0,00s
[2025-10-23T09:39:21.139+0200][gc,start    ] GC(13) Pause Young (Normal) (G1 Evacuation Pause)
[2025-10-23T09:39:21.139+0200][gc,task     ] GC(13) Using 10 workers of 10 for evacuation
[2025-10-23T09:39:21.150+0200][gc,phases   ] GC(13)   Pre Evacuate Collection Set: 0,4ms
[2025-10-23T09:39:21.150+0200][gc,phases   ] GC(13)   Merge Heap Roots: 0,3ms
[2025-10-23T09:39:21.150+0200][gc,phases   ] GC(13)   Evacuate Collection Set: 9,6ms
[2025-10-23T09:39:21.150+0200][gc,phases   ] GC(13)   Post Evacuate Collection Set: 0,9ms
[2025-10-23T09:39:21.150+0200][gc,phases   ] GC(13)   Other: 0,3ms
[2025-10-23T09:39:21.150+0200][gc,heap     ] GC(13) Eden regions: 103->0(84)
[2025-10-23T09:39:21.150+0200][gc,heap     ] GC(13) Survivor regions: 10->11(15)
[2025-10-23T09:39:21.150+0200][gc,heap     ] GC(13) Old regions: 26->28
[2025-10-23T09:39:21.150+0200][gc,heap     ] GC(13) Archive regions: 2->2
[2025-10-23T09:39:21.150+0200][gc,heap     ] GC(13) Humongous regions: 139->139
[2025-10-23T09:39:21.150+0200][gc,metaspace] GC(13) Metaspace: 51195K(52224K)->51195K(52224K) NonClass: 45229K(45760K)->45229K(45760K) Class: 5965K(6464K)->5965K(6464K)
[2025-10-23T09:39:21.150+0200][gc          ] GC(13) Pause Young (Normal) (G1 Evacuation Pause) 277M->177M(1024M) 11,653ms
[2025-10-23T09:39:21.150+0200][gc,cpu      ] GC(13) User=0,10s Sys=0,00s Real=0,01s
[2025-10-23T09:46:47.786+0200][gc,start    ] GC(14) Pause Young (Normal) (G1 Evacuation Pause)
[2025-10-23T09:46:47.786+0200][gc,task     ] GC(14) Using 10 workers of 10 for evacuation
[2025-10-23T09:46:47.799+0200][gc,phases   ] GC(14)   Pre Evacuate Collection Set: 0,5ms
[2025-10-23T09:46:47.799+0200][gc,phases   ] GC(14)   Merge Heap Roots: 0,4ms
[2025-10-23T09:46:47.799+0200][gc,phases   ] GC(14)   Evacuate Collection Set: 10,1ms
[2025-10-23T09:46:47.799+0200][gc,phases   ] GC(14)   Post Evacuate Collection Set: 1,1ms
[2025-10-23T09:46:47.799+0200][gc,phases   ] GC(14)   Other: 0,4ms
[2025-10-23T09:46:47.799+0200][gc,heap     ] GC(14) Eden regions: 74->0(198)
[2025-10-23T09:46:47.799+0200][gc,heap     ] GC(14) Survivor regions: 11->7(11)
[2025-10-23T09:46:47.799+0200][gc,heap     ] GC(14) Old regions: 28->34
[2025-10-23T09:46:47.799+0200][gc,heap     ] GC(14) Archive regions: 2->2
[2025-10-23T09:46:47.799+0200][gc,heap     ] GC(14) Humongous regions: 139->139
[2025-10-23T09:46:47.799+0200][gc,metaspace] GC(14) Metaspace: 51220K(52224K)->51220K(52224K) NonClass: 45254K(45760K)->45254K(45760K) Class: 5965K(6464K)->5965K(6464K)
[2025-10-23T09:46:47.799+0200][gc          ] GC(14) Pause Young (Normal) (G1 Evacuation Pause) 251M->179M(1024M) 12,686ms
[2025-10-23T09:46:47.799+0200][gc,cpu      ] GC(14) User=0,11s Sys=0,00s Real=0,01s
[2025-10-23T10:05:33.532+0200][gc,start    ] GC(15) Pause Young (Normal) (G1 Evacuation Pause)
[2025-10-23T10:05:33.532+0200][gc,task     ] GC(15) Using 10 workers of 10 for evacuation
[2025-10-23T10:05:33.545+0200][gc,phases   ] GC(15)   Pre Evacuate Collection Set: 0,6ms
[2025-10-23T10:05:33.545+0200][gc,phases   ] GC(15)   Merge Heap Roots: 0,5ms
[2025-10-23T10:05:33.545+0200][gc,phases   ] GC(15)   Evacuate Collection Set: 10,5ms
[2025-10-23T10:05:33.545+0200][gc,phases   ] GC(15)   Post Evacuate Collection Set: 1,5ms
[2025-10-23T10:05:33.545+0200][gc,phases   ] GC(15)   Other: 0,5ms
[2025-10-23T10:05:33.546+0200][gc,heap     ] GC(15) Eden regions: 185->0(115)
[2025-10-23T10:05:33.546+0200][gc,heap     ] GC(15) Survivor regions: 7->13(24)
[2025-10-23T10:05:33.546+0200][gc,heap     ] GC(15) Old regions: 34->34
[2025-10-23T10:05:33.546+0200][gc,heap     ] GC(15) Archive regions: 2->2
[2025-10-23T10:05:33.546+0200][gc,heap     ] GC(15) Humongous regions: 148->148
[2025-10-23T10:05:33.546+0200][gc,metaspace] GC(15) Metaspace: 51558K(52544K)->51558K(52544K) NonClass: 45554K(46080K)->45554K(46080K) Class: 6004K(6464K)->6004K(6464K)
[2025-10-23T10:05:33.546+0200][gc          ] GC(15) Pause Young (Normal) (G1 Evacuation Pause) 373M->194M(1024M) 13,725ms
[2025-10-23T10:05:33.546+0200][gc,cpu      ] GC(15) User=0,10s Sys=0,02s Real=0,02s
[2025-10-23T10:17:09.215+0200][gc,start    ] GC(16) Pause Young (Normal) (G1 Evacuation Pause)
[2025-10-23T10:17:09.215+0200][gc,task     ] GC(16) Using 10 workers of 10 for evacuation
[2025-10-23T10:17:09.228+0200][gc,phases   ] GC(16)   Pre Evacuate Collection Set: 0,6ms
[2025-10-23T10:17:09.228+0200][gc,phases   ] GC(16)   Merge Heap Roots: 0,4ms
[2025-10-23T10:17:09.228+0200][gc,phases   ] GC(16)   Evacuate Collection Set: 10,0ms
[2025-10-23T10:17:09.228+0200][gc,phases   ] GC(16)   Post Evacuate Collection Set: 1,4ms
[2025-10-23T10:17:09.228+0200][gc,phases   ] GC(16)   Other: 0,4ms
[2025-10-23T10:17:09.228+0200][gc,heap     ] GC(16) Eden regions: 113->0(232)
[2025-10-23T10:17:09.228+0200][gc,heap     ] GC(16) Survivor regions: 13->9(16)
[2025-10-23T10:17:09.228+0200][gc,heap     ] GC(16) Old regions: 34->38
[2025-10-23T10:17:09.228+0200][gc,heap     ] GC(16) Archive regions: 2->2
[2025-10-23T10:17:09.228+0200][gc,heap     ] GC(16) Humongous regions: 148->148
[2025-10-23T10:17:09.228+0200][gc,metaspace] GC(16) Metaspace: 51570K(52544K)->51570K(52544K) NonClass: 45565K(46080K)->45565K(46080K) Class: 6004K(6464K)->6004K(6464K)
[2025-10-23T10:17:09.228+0200][gc          ] GC(16) Pause Young (Normal) (G1 Evacuation Pause) 307M->195M(1024M) 13,049ms
[2025-10-23T10:17:09.228+0200][gc,cpu      ] GC(16) User=0,10s Sys=0,01s Real=0,02s
[2025-10-23T10:37:02.860+0200][gc,start    ] GC(17) Pause Young (Normal) (G1 Evacuation Pause)
[2025-10-23T10:37:02.860+0200][gc,task     ] GC(17) Using 10 workers of 10 for evacuation
[2025-10-23T10:37:02.867+0200][gc,phases   ] GC(17)   Pre Evacuate Collection Set: 0,4ms
[2025-10-23T10:37:02.867+0200][gc,phases   ] GC(17)   Merge Heap Roots: 0,3ms
[2025-10-23T10:37:02.867+0200][gc,phases   ] GC(17)   Evacuate Collection Set: 5,5ms
[2025-10-23T10:37:02.867+0200][gc,phases   ] GC(17)   Post Evacuate Collection Set: 0,9ms
[2025-10-23T10:37:02.867+0200][gc,phases   ] GC(17)   Other: 0,3ms
[2025-10-23T10:37:02.867+0200][gc,heap     ] GC(17) Eden regions: 199->0(606)
[2025-10-23T10:37:02.867+0200][gc,heap     ] GC(17) Survivor regions: 9->8(26)
[2025-10-23T10:37:02.867+0200][gc,heap     ] GC(17) Old regions: 38->38
[2025-10-23T10:37:02.867+0200][gc,heap     ] GC(17) Archive regions: 2->2
[2025-10-23T10:37:02.867+0200][gc,heap     ] GC(17) Humongous regions: 148->148
[2025-10-23T10:37:02.867+0200][gc,metaspace] GC(17) Metaspace: 51666K(52672K)->51666K(52672K) NonClass: 45662K(46208K)->45662K(46208K) Class: 6004K(6464K)->6004K(6464K)
[2025-10-23T10:37:02.867+0200][gc          ] GC(17) Pause Young (Normal) (G1 Evacuation Pause) 394M->194M(1024M) 7,563ms
[2025-10-23T10:37:02.867+0200][gc,cpu      ] GC(17) User=0,05s Sys=0,00s Real=0,01s
[2025-10-23T10:51:03.403+0200][gc,heap,exit] Heap
[2025-10-23T10:51:03.403+0200][gc,heap,exit]  garbage-first heap   total 1048576K, used 356720K [0x00000000c0000000, 0x0000000100000000)
[2025-10-23T10:51:03.403+0200][gc,heap,exit]   region size 1024K, 163 young (166912K), 8 survivors (8192K)
[2025-10-23T10:51:03.403+0200][gc,heap,exit]  Metaspace       used 52574K, committed 53632K, reserved 1114112K
[2025-10-23T10:51:03.403+0200][gc,heap,exit]   class space    used 6194K, committed 6656K, reserved 1048576K
